Component: ARM Compiler 5.06 update 1 (build 61) Tool: armlink [4d35a8]

==============================================================================

Section Cross References

    main.o(i.handle_msg) refers to main.o(i.mavlink_signature_check) for mavlink_signature_check
    main.o(i.handle_msg) refers to noretval__2printf.o(.text) for __2printf
    main.o(i.main) refers to misc.o(i.NVIC_PriorityGroupConfig) for NVIC_PriorityGroupConfig
    main.o(i.main) refers to delay.o(i.delay_init) for delay_init
    main.o(i.main) refers to usart.o(i.uart_init) for uart_init
    main.o(i.main) refers to led.o(i.LED_Init) for LED_Init
    main.o(i.main) refers to lcd.o(i.LCD_Init) for LCD_Init
    main.o(i.main) refers to rtc.o(i.My_RTC_Init) for My_RTC_Init
    main.o(i.main) refers to mavlink_usart_fifo.o(i.fifo_init) for fifo_init
    main.o(i.main) refers to rt_memclr_w.o(.text) for __aeabi_memclr4
    main.o(i.main) refers to main.o(i.mavlink_dn_fxsj_t_init) for mavlink_dn_fxsj_t_init
    main.o(i.main) refers to main.o(i.mavlink_dn_fxsj_t_cipher) for mavlink_dn_fxsj_t_cipher
    main.o(i.main) refers to main.o(i.mavlink_msg_dn_fxsj_encode) for mavlink_msg_dn_fxsj_encode
    main.o(i.main) refers to main.o(i.mavlink_msg_to_send_buffer) for mavlink_msg_to_send_buffer
    main.o(i.main) refers to rt_memcpy_w.o(.text) for __aeabi_memcpy4
    main.o(i.main) refers to rtc.o(i.getRTCAsUnixTime_m) for getRTCAsUnixTime_m
    main.o(i.main) refers to mavlink_usart_fifo.o(i.serial_write_buf) for serial_write_buf
    main.o(i.main) refers to main.o(i.update) for update
    main.o(i.main) refers to usmart_config.o(.data) for usmart_dev
    main.o(i.main) refers to mavlink_usart_fifo.o(.bss) for uart_tx_buf
    main.o(i.main) refers to main.o(.constdata) for secret_key_ground
    main.o(i.mavlink_dcm_to_euler) refers to asinf.o(i.__hardfp_asinf) for __hardfp_asinf
    main.o(i.mavlink_dcm_to_euler) refers to asin.o(i.__hardfp_asin) for __hardfp_asin
    main.o(i.mavlink_dcm_to_euler) refers to d2f.o(x$fpl$d2f) for __aeabi_d2f
    main.o(i.mavlink_dcm_to_euler) refers to atan2f.o(i.__hardfp_atan2f) for __hardfp_atan2f
    main.o(i.mavlink_dcm_to_quaternion) refers to sqrtf.o(i.__hardfp_sqrtf) for __hardfp_sqrtf
    main.o(i.mavlink_dn_fxsj_t_cipher) refers to mavlink_aes.o(i.aes_key_setup) for aes_key_setup
    main.o(i.mavlink_dn_fxsj_t_cipher) refers to rt_memcpy_v6.o(.text) for __aeabi_memcpy
    main.o(i.mavlink_dn_fxsj_t_cipher) refers to mavlink_aes.o(i.aes_encrypt_ctr) for aes_encrypt_ctr
    main.o(i.mavlink_dn_fxsj_t_cipher) refers to rt_memcpy_w.o(.text) for __aeabi_memcpy4
    main.o(i.mavlink_dn_fxsj_t_cipher) refers to main.o(.bss) for key_schedule
    main.o(i.mavlink_dn_fxsj_t_cipher) refers to main.o(.data) for key
    main.o(i.mavlink_dn_fxsj_t_plain) refers to mavlink_aes.o(i.aes_key_setup) for aes_key_setup
    main.o(i.mavlink_dn_fxsj_t_plain) refers to rt_memcpy_v6.o(.text) for __aeabi_memcpy
    main.o(i.mavlink_dn_fxsj_t_plain) refers to mavlink_aes.o(i.aes_decrypt_ctr) for aes_decrypt_ctr
    main.o(i.mavlink_dn_fxsj_t_plain) refers to rt_memcpy_w.o(.text) for __aeabi_memcpy4
    main.o(i.mavlink_dn_fxsj_t_plain) refers to main.o(.bss) for key_schedule
    main.o(i.mavlink_dn_fxsj_t_plain) refers to main.o(.data) for key
    main.o(i.mavlink_euler_to_dcm) refers to cosf.o(i.__hardfp_cosf) for __hardfp_cosf
    main.o(i.mavlink_euler_to_dcm) refers to sinf.o(i.__hardfp_sinf) for __hardfp_sinf
    main.o(i.mavlink_euler_to_quaternion) refers to cosf.o(i.__hardfp_cosf) for __hardfp_cosf
    main.o(i.mavlink_euler_to_quaternion) refers to sinf.o(i.__hardfp_sinf) for __hardfp_sinf
    main.o(i.mavlink_finalize_message) refers to main.o(i.mavlink_finalize_message_chan) for mavlink_finalize_message_chan
    main.o(i.mavlink_finalize_message_buffer) refers to main.o(i._mav_trim_payload) for _mav_trim_payload
    main.o(i.mavlink_finalize_message_buffer) refers to main.o(i.crc_accumulate) for crc_accumulate
    main.o(i.mavlink_finalize_message_buffer) refers to main.o(i.mavlink_sign_packet) for mavlink_sign_packet
    main.o(i.mavlink_finalize_message_chan) refers to main.o(i.mavlink_get_channel_status) for mavlink_get_channel_status
    main.o(i.mavlink_finalize_message_chan) refers to rt_memclr_w.o(.text) for __aeabi_memclr4
    main.o(i.mavlink_finalize_message_chan) refers to rt_memcpy_w.o(.text) for __aeabi_memcpy4
    main.o(i.mavlink_finalize_message_chan) refers to rtc.o(i.getRTCAsUnixTime_m) for getRTCAsUnixTime_m
    main.o(i.mavlink_finalize_message_chan) refers to main.o(i.mavlink_finalize_message_buffer) for mavlink_finalize_message_buffer
    main.o(i.mavlink_finalize_message_chan) refers to main.o(.constdata) for secret_sign_key_1
    main.o(i.mavlink_frame_char) refers to main.o(i.mavlink_get_channel_status) for mavlink_get_channel_status
    main.o(i.mavlink_frame_char) refers to main.o(i.mavlink_get_channel_buffer) for mavlink_get_channel_buffer
[...]
    i.USART_Init                             0x08006798   Section        0  stm32f4xx_usart.o(i.USART_Init)
    i.USART_ReceiveData                      0x0800686c   Section        0  stm32f4xx_usart.o(i.USART_ReceiveData)
    i.USART_SendData                         0x08006876   Section        0  stm32f4xx_usart.o(i.USART_SendData)
    i.UsageFault_Handler                     0x0800687e   Section        0  stm32f4xx_it.o(i.UsageFault_Handler)
    i._is_digit                              0x08006882   Section        0  __printf_wp.o(i._is_digit)
    i._mav_parse_error                       0x08006890   Section        0  main.o(i._mav_parse_error)
    _mav_parse_error                         0x08006891   Thumb Code     8  main.o(i._mav_parse_error)
    i._mav_trim_payload                      0x08006898   Section        0  main.o(i._mav_trim_payload)
    i._sys_exit                              0x080068b0   Section        0  usart.o(i._sys_exit)
    i.aes_decrypt_ctr                        0x080068b4   Section        0  mavlink_aes.o(i.aes_decrypt_ctr)
    i.aes_encrypt                            0x080068d8   Section        0  mavlink_aes.o(i.aes_encrypt)
    i.aes_encrypt_ctr                        0x08006b66   Section        0  mavlink_aes.o(i.aes_encrypt_ctr)
    i.aes_key_setup                          0x08006be0   Section        0  mavlink_aes.o(i.aes_key_setup)
    i.crc_accumulate                         0x08006ccc   Section        0  main.o(i.crc_accumulate)
    crc_accumulate                           0x08006ccd   Thumb Code    34  main.o(i.crc_accumulate)
    i.delay_init                             0x08006cf0   Section        0  delay.o(i.delay_init)
    i.delay_ms                               0x08006d2c   Section        0  delay.o(i.delay_ms)
    i.delay_us                               0x08006d64   Section        0  delay.o(i.delay_us)
    i.delay_xms                              0x08006db0   Section        0  delay.o(i.delay_xms)
    i.fifo_init                              0x08006dfc   Section        0  mavlink_usart_fifo.o(i.fifo_init)
    i.fifo_read_ch                           0x08006e1e   Section        0  mavlink_usart_fifo.o(i.fifo_read_ch)
    i.fifo_used                              0x08006e4a   Section        0  mavlink_usart_fifo.o(i.fifo_used)
    i.fifo_write_ch                          0x08006e6c   Section        0  mavlink_usart_fifo.o(i.fifo_write_ch)
    i.fputc                                  0x08006e98   Section        0  usart.o(i.fputc)
    i.getRTCAsUnixTime                       0x08006eb4   Section        0  rtc.o(i.getRTCAsUnixTime)
    i.getRTCAsUnixTime_m                     0x08006f2a   Section        0  rtc.o(i.getRTCAsUnixTime_m)
    i.increment_iv                           0x08006f68   Section        0  mavlink_aes.o(i.increment_iv)
    i.main                                   0x08006f90   Section        0  main.o(i.main)
    i.mavlink_dn_fxsj_t_cipher               0x08007064   Section        0  main.o(i.mavlink_dn_fxsj_t_cipher)
    i.mavlink_dn_fxsj_t_init                 0x080070b8   Section        0  main.o(i.mavlink_dn_fxsj_t_init)
    i.mavlink_dn_fxsj_t_plain                0x08007140   Section        0  main.o(i.mavlink_dn_fxsj_t_plain)
    i.mavlink_finalize_message               0x08007194   Section        0  main.o(i.mavlink_finalize_message)
    i.mavlink_finalize_message_buffer        0x080071b8   Section        0  main.o(i.mavlink_finalize_message_buffer)
    i.mavlink_finalize_message_chan          0x0800736c   Section        0  main.o(i.mavlink_finalize_message_chan)
    i.mavlink_frame_char                     0x080073cc   Section        0  main.o(i.mavlink_frame_char)
    i.mavlink_frame_char_buffer              0x080073f8   Section        0  main.o(i.mavlink_frame_char_buffer)
    i.mavlink_get_channel_buffer             0x08007758   Section        0  main.o(i.mavlink_get_channel_buffer)
    i.mavlink_get_channel_status             0x0800776c   Section        0  main.o(i.mavlink_get_channel_status)
    i.mavlink_get_msg_entry                  0x08007780   Section        0  main.o(i.mavlink_get_msg_entry)
    i.mavlink_msg_dn_fxsj_encode             0x080077e0   Section        0  main.o(i.mavlink_msg_dn_fxsj_encode)
    mavlink_msg_dn_fxsj_encode               0x080077e1   Thumb Code   174  main.o(i.mavlink_msg_dn_fxsj_encode)
    i.mavlink_msg_dn_fxsj_pack               0x0800788e   Section        0  main.o(i.mavlink_msg_dn_fxsj_pack)
    mavlink_msg_dn_fxsj_pack                 0x0800788f   Thumb Code   242  main.o(i.mavlink_msg_dn_fxsj_pack)
    i.mavlink_msg_to_send_buffer             0x08007980   Section        0  main.o(i.mavlink_msg_to_send_buffer)
    i.mavlink_parse_char                     0x08007a52   Section        0  main.o(i.mavlink_parse_char)
    i.mavlink_sha256_calc                    0x08007ab0   Section        0  main.o(i.mavlink_sha256_calc)
    mavlink_sha256_calc                      0x08007ab1   Thumb Code   474  main.o(i.mavlink_sha256_calc)
    i.mavlink_sha256_final_48                0x08007c90   Section        0  main.o(i.mavlink_sha256_final_48)
    i.mavlink_sha256_init                    0x08007d3c   Section        0  main.o(i.mavlink_sha256_init)
    i.mavlink_sha256_update                  0x08007d84   Section        0  main.o(i.mavlink_sha256_update)
    i.mavlink_sign_packet                    0x08007e1c   Section        0  main.o(i.mavlink_sign_packet)
    i.mavlink_signature_check                0x08007eb4   Section        0  main.o(i.mavlink_signature_check)
    i.mavlink_start_checksum                 0x08008190   Section        0  main.o(i.mavlink_start_checksum)
    i.mavlink_update_checksum                0x080081a8   Section        0  main.o(i.mavlink_update_checksum)
    i.read_addr                              0x080081c2   Section        0  usmart.o(i.read_addr)
    i.serial_available                       0x080081c8   Section        0  mavlink_usart_fifo.o(i.serial_available)
    i.serial_read_ch                         0x080081d8   Section        0  mavlink_usart_fifo.o(i.serial_read_ch)
    i.serial_write_buf                       0x080081ec   Section        0  mavlink_usart_fifo.o(i.serial_write_buf)
    i.uart_init                              0x08008228   Section        0  usart.o(i.uart_init)
    i.update                                 0x080082d4   Section        0  main.o(i.update)
    i.usmart_cmd_rec                         0x080084ec   Section        0  usmart.o(i.usmart_cmd_rec)
    i.usmart_exe                             0x0800859c   Section        0  usmart.o(i.usmart_exe)
    i.usmart_get_aparm                       0x08008870   Section        0  usmart_str.o(i.usmart_get_aparm)
    i.usmart_get_cmdname                     0x08008938   Section        0  usmart_str.o(i.usmart_get_cmdname)
    i.usmart_get_fname                       0x08008970   Section        0  usmart_str.o(i.usmart_get_fname)
    i.usmart_get_fparam                      0x08008b30   Section        0  usmart_str.o(i.usmart_get_fparam)
    i.usmart_get_parmpos                     0x08008c3c   Section        0  usmart_str.o(i.usmart_get_parmpos)
    i.usmart_get_runtime                     0x08008c5c   Section        0  usmart.o(i.usmart_get_runtime)
    i.usmart_init                            0x08008ca0   Section        0  usmart.o(i.usmart_init)
    i.usmart_pow                             0x08008cc8   Section        0  usmart_str.o(i.usmart_pow)
    i.usmart_reset_runtime                   0x08008ce0   Section        0  usmart.o(i.usmart_reset_runtime)
    i.usmart_scan                            0x08008d10   Section        0  usmart.o(i.usmart_scan)
    i.usmart_search_nextc                    0x08008dcc   Section        0  usmart_str.o(i.usmart_search_nextc)
    i.usmart_str2num                         0x08008de2   Section        0  usmart_str.o(i.usmart_str2num)
    i.usmart_strcmp                          0x08008eac   Section        0  usmart_str.o(i.usmart_strcmp)
    i.usmart_strcopy                         0x08008ece   Section        0  usmart_str.o(i.usmart_strcopy)
    i.usmart_strlen                          0x08008ee4   Section        0  usmart_str.o(i.usmart_strlen)
    i.usmart_sys_cmd_exe                     0x08008efc   Section        0  usmart.o(i.usmart_sys_cmd_exe)
    i.write_addr                             0x080095e0   Section        0  usmart.o(i.write_addr)
    i.xor_buf                                0x080095e4   Section        0  mavlink_aes.o(i.xor_buf)
    x$fpl$dfixu                              0x080095fc   Section       90  dfixu.o(x$fpl$dfixu)
    $v0                                      0x080095fc   Number         0  dfixu.o(x$fpl$dfixu)
    x$fpl$dfltu                              0x08009656   Section       38  dflt_clz.o(x$fpl$dfltu)
    $v0                                      0x08009656   Number         0  dflt_clz.o(x$fpl$dfltu)
    x$fpl$dmul                               0x0800967c   Section      340  dmul.o(x$fpl$dmul)
    $v0                                      0x0800967c   Number         0  dmul.o(x$fpl$dmul)
    x$fpl$dnaninf                            0x080097d0   Section      156  dnaninf.o(x$fpl$dnaninf)
    $v0                                      0x080097d0   Number         0  dnaninf.o(x$fpl$dnaninf)
    x$fpl$dretinf                            0x0800986c   Section       12  dretinf.o(x$fpl$dretinf)
    $v0                                      0x0800986c   Number         0  dretinf.o(x$fpl$dretinf)
    x$fpl$fpinit                             0x08009878   Section       10  fpinit.o(x$fpl$fpinit)
    $v0                                      0x08009878   Number         0  fpinit.o(x$fpl$fpinit)
    x$fpl$usenofp                            0x08009882   Section        0  usenofp.o(x$fpl$usenofp)
    .constdata                               0x08009884   Section      464  main.o(.constdata)
    mavlink_sha256_constant_256              0x08009884   Data         256  main.o(.constdata)
    secret_key_test                          0x08009984   Data          32  main.o(.constdata)
    secret_sign_key_1                        0x080099a4   Data          32  main.o(.constdata)
    secret_sign_key_2                        0x080099c4   Data          32  main.o(.constdata)
    secret_sign_key_3                        0x080099e4   Data          32  main.o(.constdata)
    secret_key_ground                        0x08009a04   Data          32  main.o(.constdata)
    mavlink_message_crcs                     0x08009a24   Data          48  main.o(.constdata)
    .constdata                               0x08009a54   Section     2108  mavlink_aes.o(.constdata)
    aes_sbox                                 0x08009a54   Data         256  mavlink_aes.o(.constdata)
    aes_invsbox                              0x08009b54   Data         256  mavlink_aes.o(.constdata)
    gf_mul                                   0x08009c54   Data        1536  mavlink_aes.o(.constdata)
    .constdata                               0x0800a290   Section       40  _printf_hex_int.o(.constdata)
    uc_hextab                                0x0800a290   Data          20  _printf_hex_int.o(.constdata)
    lc_hextab                                0x0800a2a4   Data          20  _printf_hex_int.o(.constdata)
    .constdata                               0x0800a2b8   Section       17  __printf_flags_ss_wp.o(.constdata)
    maptable                                 0x0800a2b8   Data          17  __printf_flags_ss_wp.o(.constdata)
    .constdata                               0x0800a2c9   Section       12  _monlen.o(.constdata)
    .conststring                             0x0800a2d8   Section      685  main.o(.conststring)
    .conststring                             0x0800a588   Section       40  usmart.o(.conststring)
    .conststring                             0x0800a5b0   Section      298  usmart_config.o(.conststring)
    .data                                    0x20000000   Section       48  main.o(.data)
    .data                                    0x20000030   Section        4  rtc.o(.data)
    .data                                    0x20000034   Section        4  delay.o(.data)
    fac_us                                   0x20000034   Data           1  delay.o(.data)
    fac_ms                                   0x20000036   Data           2  delay.o(.data)
    .data                                    0x20000038   Section        6  usart.o(.data)
    .data                                    0x2000003e   Section       16  stm32f4xx_rcc.o(.data)
    APBAHBPrescTable                         0x2000003e   Data          16  stm32f4xx_rcc.o(.data)
    .data                                    0x20000050   Section       28  usmart.o(.data)
    .data                                    0x2000006c   Section      308  usmart_config.o(.data)
    .bss                                     0x200001a0   Section     1672  main.o(.bss)
    m_mavlink_status                         0x2000033c   Data          96  main.o(.bss)
    m_mavlink_buffer                         0x2000039c   Data        1164  main.o(.bss)
    .bss                                     0x20000828   Section       14  lcd.o(.bss)
    .bss                                     0x20000836   Section      200  usart.o(.bss)
    .bss                                     0x20000900   Section      534  mavlink_usart_fifo.o(.bss)
    .bss                                     0x20000b18   Section       96  libspace.o(.bss)
    HEAP                                     0x20000b78   Section      512  startup_stm32f40_41xxx.o(HEAP)
    Heap_Mem                                 0x20000b78   Data         512  startup_stm32f40_41xxx.o(HEAP)
    STACK                                    0x20000d78   Section     1024  startup_stm32f40_41xxx.o(STACK)
    Stack_Mem                                0x20000d78   Data        1024  startup_stm32f40_41xxx.o(STACK)
    __initial_sp                             0x20001178   Data           0  startup_stm32f40_41xxx.o(STACK)

    Global Symbols

    Symbol Name                              Value     Ov Type        Size  Object(Section)

    BuildAttributes$$THM_ISAv4$E$P$D$K$B$S$7EM$VFPi3$EXTD16$VFPS$VFMA$PE$A:L22UL41UL21$X:L11$S22US41US21$IEEE1$IW$USESV6$~STKCKD$USESV7$~SHL$OTIME$ROPI$IEEEX$EBA8$UX$STANDARDLIB$REQ8$PRES8$EABIv2 0x00000000   Number         0  anon$$obj.o ABSOLUTE
    __ARM_use_no_argv                        0x00000000   Number         0  main.o ABSOLUTE
    _printf_flags                            0x00000000   Number         0  printf_stubs.o ABSOLUTE
    _printf_return_value                     0x00000000   Number         0  printf_stubs.o ABSOLUTE
    _printf_sizespec                         0x00000000   Number         0  printf_stubs.o ABSOLUTE
    _printf_widthprec                        0x00000000   Number         0  printf_stubs.o ABSOLUTE
    __ARM_exceptions_init                     - Undefined Weak Reference
    __alloca_initialize                       - Undefined Weak Reference
    __arm_preinit_                            - Undefined Weak Reference
    __cpp_initialize__aeabi_                  - Undefined Weak Reference
    __cxa_finalize                            - Undefined Weak Reference
    __rt_locale                               - Undefined Weak Reference
    __sigvec_lookup                           - Undefined Weak Reference
    __user_heap_extent                        - Undefined Weak Reference
    _atexit_init                              - Undefined Weak Reference
    _call_atexit_fns                          - Undefined Weak Reference
    _clock_init                               - Undefined Weak Reference
    _fp_trap_init                             - Undefined Weak Reference
    _fp_trap_shutdown                         - Undefined Weak Reference
    _get_lc_collate                           - Undefined Weak Reference
    _get_lc_ctype                             - Undefined Weak Reference
    _get_lc_monetary                          - Undefined Weak Reference
    _get_lc_numeric                           - Undefined Weak Reference
    _get_lc_time                              - Undefined Weak Reference
    _getenv_init                              - Undefined Weak Reference
    _handle_redirection                       - Undefined Weak Reference
    _initio                                   - Undefined Weak Reference
    _mutex_acquire                            - Undefined Weak Reference
    _mutex_free                               - Undefined Weak Reference
    _mutex_release                            - Undefined Weak Reference
    _printf_mbtowc                            - Undefined Weak Reference
    _printf_truncate_signed                   - Undefined Weak Reference
    _printf_truncate_unsigned                 - Undefined Weak Reference
    _rand_init                                - Undefined Weak Reference
    _signal_finish                            - Undefined Weak Reference
    _signal_init                              - Undefined Weak Reference
    _terminateio                              - Undefined Weak Reference
    __Vectors_Size                           0x00000188   Number         0  startup_stm32f40_41xxx.o ABSOLUTE
    __Vectors                                0x08000000   Data           4  startup_stm32f40_41xxx.o(RESET)
    __Vectors_End                            0x08000188   Data           0  startup_stm32f40_41xxx.o(RESET)
    __main                                   0x08000189   Thumb Code     8  __main.o(!!!main)
    __scatterload                            0x08000191   Thumb Code     0  __scatter.o(!!!scatter)
    __scatterload_rt2                        0x08000191   Thumb Code    44  __scatter.o(!!!scatter)
    __scatterload_rt2_thumb_only             0x08000191   Thumb Code     0  __scatter.o(!!!scatter)
    __scatterload_null                       0x0800019f   Thumb Code     0  __scatter.o(!!!scatter)
    __decompress                             0x080001c5   Thumb Code    90  __dczerorl2.o(!!dczerorl2)
    __decompress1                            0x080001c5   Thumb Code     0  __dczerorl2.o(!!dczerorl2)
    __scatterload_zeroinit                   0x08000221   Thumb Code    28  __scatter_zi.o(!!handler_zi)
    _printf_ll                               0x0800023d   Thumb Code     0  _printf_ll.o(.ARM.Collect$$_printf_percent$$00000007)
    _printf_percent                          0x0800023d   Thumb Code     0  _printf_percent.o(.ARM.Collect$$_printf_percent$$00000000)
    _printf_d                                0x08000247   Thumb Code     0  _printf_d.o(.ARM.Collect$$_printf_percent$$00000009)
    _printf_u                                0x0800024d   Thumb Code     0  _printf_u.o(.ARM.Collect$$_printf_percent$$0000000A)
    _printf_x                                0x08000253   Thumb Code     0  _printf_x.o(.ARM.Collect$$_printf_percent$$0000000C)
    _printf_llu                              0x08000259   Thumb Code     0  _printf_llu.o(.ARM.Collect$$_printf_percent$$0000000F)
    _printf_c                                0x0800025f   Thumb Code     0  _printf_c.o(.ARM.Collect$$_printf_percent$$00000013)
    _printf_s                                0x08000265   Thumb Code     0  _printf_s.o(.ARM.Collect$$_printf_percent$$00000014)
    _printf_percent_end                      0x0800026b   Thumb Code     0  _printf_percent_end.o(.ARM.Collect$$_printf_percent$$00000017)
    __rt_lib_init                            0x0800026f   Thumb Code     0  libinit.o(.ARM.Collect$$libinit$$00000000)
    __rt_lib_init_fp_1                       0x08000271   Thumb Code     0  libinit2.o(.ARM.Collect$$libinit$$00000001)
    __rt_lib_init_alloca_1                   0x08000275   Thumb Code     0  libinit2.o(.ARM.Collect$$libinit$$0000002E)
    __rt_lib_init_argv_1                     0x08000275   Thumb Code     0  libinit2.o(.ARM.Collect$$libinit$$0000002C)
    __rt_lib_init_atexit_1                   0x08000275   Thumb Code     0  libinit2.o(.ARM.Collect$$libinit$$0000001B)
    __rt_lib_init_clock_1                    0x08000275   Thumb Code     0  libinit2.o(.ARM.Collect$$libinit$$00000021)
    __rt_lib_init_cpp_1                      0x08000275   Thumb Code     0  libinit2.o(.ARM.Collect$$libinit$$00000032)
    __rt_lib_init_exceptions_1               0x08000275   Thumb Code     0  libinit2.o(.ARM.Collect$$libinit$$00000030)
    __rt_lib_init_fp_trap_1                  0x08000275   Thumb Code     0  libinit2.o(.ARM.Collect$$libinit$$0000001F)
    __rt_lib_init_getenv_1                   0x08000275   Thumb Code     0  libinit2.o(.ARM.Collect$$libinit$$00000023)
    __rt_lib_init_heap_1                     0x08000275   Thumb Code     0  libinit2.o(.ARM.Collect$$libinit$$0000000A)
    __rt_lib_init_lc_collate_1               0x08000275   Thumb Code     0  libinit2.o(.ARM.Collect$$libinit$$00000011)
    __rt_lib_init_lc_ctype_1                 0x08000275   Thumb Code     0  libinit2.o(.ARM.Collect$$libinit$$00000013)
    __rt_lib_init_lc_monetary_1              0x08000275   Thumb Code     0  libinit2.o(.ARM.Collect$$libinit$$00000015)
    __rt_lib_init_lc_numeric_1               0x08000275   Thumb Code     0  libinit2.o(.ARM.Collect$$libinit$$00000017)
    __rt_lib_init_lc_time_1                  0x08000275   Thumb Code     0  libinit2.o(.ARM.Collect$$libinit$$00000019)
    __rt_lib_init_preinit_1                  0x08000275   Thumb Code     0  libinit2.o(.ARM.Collect$$libinit$$00000004)
    __rt_lib_init_rand_1                     0x08000275   Thumb Code     0  libinit2.o(.ARM.Collect$$libinit$$0000000E)
    __rt_lib_init_return                     0x08000275   Thumb Code     0  libinit2.o(.ARM.Collect$$libinit$$00000033)
    __rt_lib_init_signal_1                   0x08000275   Thumb Code     0  libinit2.o(.ARM.Collect$$libinit$$0000001D)
    __rt_lib_init_stdio_1                    0x08000275   Thumb Code     0  libinit2.o(.ARM.Collect$$libinit$$00000025)
    __rt_lib_init_user_alloc_1               0x08000275   Thumb Code     0  libinit2.o(.ARM.Collect$$libinit$$0000000C)
    __rt_lib_shutdown                        0x08000277   Thumb Code     0  libshutdown.o(.ARM.Collect$$libshutdown$$00000000)
    __rt_lib_shutdown_cpp_1                  0x08000279   Thumb Code     0  libshutdown2.o(.ARM.Collect$$libshutdown$$00000002)
    __rt_lib_shutdown_fp_trap_1              0x08000279   Thumb Code     0  libshutdown2.o(.ARM.Collect$$libshutdown$$00000007)
    __rt_lib_shutdown_heap_1                 0x08000279   Thumb Code     0  libshutdown2.o(.ARM.Collect$$libshutdown$$0000000F)
    __rt_lib_shutdown_return                 0x08000279   Thumb Code     0  libshutdown2.o(.ARM.Collect$$libshutdown$$00000010)
    __rt_lib_shutdown_signal_1               0x08000279   Thumb Code     0  libshutdown2.o(.ARM.Collect$$libshutdown$$0000000A)
    __rt_lib_shutdown_stdio_1                0x08000279   Thumb Code     0  libshutdown2.o(.ARM.Collect$$libshutdown$$00000004)
    __rt_lib_shutdown_user_alloc_1           0x08000279   Thumb Code     0  libshutdown2.o(.ARM.Collect$$libshutdown$$0000000C)
    __rt_entry                               0x0800027b   Thumb Code     0  __rtentry.o(.ARM.Collect$$rtentry$$00000000)
    __rt_entry_presh_1                       0x0800027b   Thumb Code     0  __rtentry2.o(.ARM.Collect$$rtentry$$00000002)
    __rt_entry_sh                            0x0800027b   Thumb Code     0  __rtentry4.o(.ARM.Collect$$rtentry$$00000004)
    __rt_entry_li                            0x08000281   Thumb Code     0  __rtentry2.o(.ARM.Collect$$rtentry$$0000000A)
    __rt_entry_postsh_1                      0x08000281   Thumb Code     0  __rtentry2.o(.ARM.Collect$$rtentry$$00000009)
    __rt_entry_main                          0x08000285   Thumb Code     0  __rtentry2.o(.ARM.Collect$$rtentry$$0000000D)
    __rt_entry_postli_1                      0x08000285   Thumb Code     0  __rtentry2.o(.ARM.Collect$$rtentry$$0000000C)
    __rt_exit                                0x0800028d   Thumb Code     0  rtexit.o(.ARM.Collect$$rtexit$$00000000)
    __rt_exit_ls                             0x0800028f   Thumb Code     0  rtexit2.o(.ARM.Collect$$rtexit$$00000003)
    __rt_exit_prels_1                        0x0800028f   Thumb Code     0  rtexit2.o(.ARM.Collect$$rtexit$$00000002)
    __rt_exit_exit                           0x08000293   Thumb Code     0  rtexit2.o(.ARM.Collect$$rtexit$$00000004)
    Reset_Handler                            0x08000299   Thumb Code     8  startup_stm32f40_41xxx.o(.text)
    ADC_IRQHandler                           0x080002b3   Thumb Code     0  startup_stm32f40_41xxx.o(.text)
    CAN1_RX0_IRQHandler                      0x080002b3   Thumb Code     0  startup_stm32f40_41xxx.o(.text)
    CAN1_RX1_IRQHandler                      0x080002b3   Thumb Code     0  startup_stm32f40_41xxx.o(.text)
    CAN1_SCE_IRQHandler                      0x080002b3   Thumb Code     0  startup_stm32f40_41xxx.o(.text)
    CAN1_TX_IRQHandler                       0x080002b3   Thumb Code     0  startup_stm32f40_41xxx.o(.text)
    CAN2_RX0_IRQHandler                      0x080002b3   Thumb Code     0  startup_stm32f40_41xxx.o(.text)
    CAN2_RX1_IRQHandler                      0x080002b3   Thumb Code     0  startup_stm32f40_41xxx.o(.text)
    CAN2_SCE_IRQHandler                      0x080002b3   Thumb Code     0  startup_stm32f40_41xxx.o(.text)
    CAN2_TX_IRQHandler                       0x080002b3   Thumb Code     0  startup_stm32f40_41xxx.o(.text)
    CRYP_IRQHandler                          0x080002b3   Thumb Code     0  startup_stm32f40_41xxx.o(.text)
    DCMI_IRQHandler                          0x080002b3   Thumb Code     0  startup_stm32f40_41xxx.o(.text)
    DMA1_Stream0_IRQHandler                  0x080002b3   Thumb Code     0  startup_stm32f40_41xxx.o(.text)
    DMA1_Stream1_IRQHandler                  0x080002b3   Thumb Code     0  startup_stm32f40_41xxx.o(.text)
    DMA1_Stream2_IRQHandler                  0x080002b3   Thumb Code     0  startup_stm32f40_41xxx.o(.text)
    DMA1_Stream3_IRQHandler                  0x080002b3   Thumb Code     0  startup_stm32f40_41xxx.o(.text)
    DMA1_Stream4_IRQHandler                  0x080002b3   Thumb Code     0  startup_stm32f40_41xxx.o(.text)
    DMA1_Stream5_IRQHandler                  0x080002b3   Thumb Code     0  startup_stm32f40_41xxx.o(.text)
    DMA1_Stream6_IRQHandler                  0x080002b3   Thumb Code     0  startup_stm32f40_41xxx.o(.text)
    DMA1_Stream7_IRQHandler                  0x080002b3   Thumb Code     0  startup_stm32f40_41xxx.o(.text)
    DMA2_Stream0_IRQHandler                  0x080002b3   Thumb Code     0  startup_stm32f40_41xxx.o(.text)
    DMA2_Stream1_IRQHandler                  0x080002b3   Thumb Code     0  startup_stm32f40_41xxx.o(.text)
    DMA2_Stream2_IRQHandler                  0x080002b3   Thumb Code     0  startup_stm32f40_41xxx.o(.text)
    DMA2_Stream3_IRQHandler                  0x080002b3   Thumb Code     0  startup_stm32f40_41xxx.o(.text)
    DMA2_Stream4_IRQHandler                  0x080002b3   Thumb Code     0  startup_stm32f40_41xxx.o(.text)
    DMA2_Stream5_IRQHandler                  0x080002b3   Thumb Code     0  startup_stm32f40_41xxx.o(.text)
    DMA2_Stream6_IRQHandler                  0x080002b3   Thumb Code     0  startup_stm32f40_41xxx.o(.text)
    DMA2_Stream7_IRQHandler                  0x080002b3   Thumb Code     0  startup_stm32f40_41xxx.o(.text)
    ETH_IRQHandler                           0x080002b3   Thumb Code     0  startup_stm32f40_41xxx.o(.text)
    ETH_WKUP_IRQHandler                      0x080002b3   Thumb Code     0  startup_stm32f40_41xxx.o(.text)
    EXTI0_IRQHandler                         0x080002b3   Thumb Code     0  startup_stm32f40_41xxx.o(.text)
    EXTI15_10_IRQHandler                     0x080002b3   Thumb Code     0  startup_stm32f40_41xxx.o(.text)
    EXTI1_IRQHandler                         0x080002b3   Thumb Code     0  startup_stm32f40_41xxx.o(.text)
    EXTI2_IRQHandler                         0x080002b3   Thumb Code     0  startup_stm32f40_41xxx.o(.text)
    EXTI3_IRQHandler                         0x080002b3   Thumb Code     0  startup_stm32f40_41xxx.o(.text)
    EXTI4_IRQHandler                         0x080002b3   Thumb Code     0  startup_stm32f40_41xxx.o(.text)
    EXTI9_5_IRQHandler                       0x080002b3   Thumb Code     0  startup_stm32f40_41xxx.o(.text)
    FLASH_IRQHandler                         0x080002b3   Thumb Code     0  startup_stm32f40_41xxx.o(.text)
    FPU_IRQHandler                           0x080002b3   Thumb Code     0  startup_stm32f40_41xxx.o(.text)
    FSMC_IRQHandler                          0x080002b3   Thumb Code     0  startup_stm32f40_41xxx.o(.text)
    HASH_RNG_IRQHandler                      0x080002b3   Thumb Code     0  startup_stm32f40_41xxx.o(.text)
    I2C1_ER_IRQHandler                       0x080002b3   Thumb Code     0  startup_stm32f40_41xxx.o(.text)
    I2C1_EV_IRQHandler                       0x080002b3   Thumb Code     0  startup_stm32f40_41xxx.o(.text)
    I2C2_ER_IRQHandler                       0x080002b3   Thumb Code     0  startup_stm32f40_41xxx.o(.text)
    I2C2_EV_IRQHandler                       0x080002b3   Thumb Code     0  startup_stm32f40_41xxx.o(.text)
    I2C3_ER_IRQHandler                       0x080002b3   Thumb Code     0  startup_stm32f40_41xxx.o(.text)
    I2C3_EV_IRQHandler                       0x080002b3   Thumb Code     0  startup_stm32f40_41xxx.o(.text)
    OTG_FS_IRQHandler                        0x080002b3   Thumb Code     0  startup_stm32f40_41xxx.o(.text)
    OTG_FS_WKUP_IRQHandler                   0x080002b3   Thumb Code     0  startup_stm32f40_41xxx.o(.text)
    OTG_HS_EP1_IN_IRQHandler                 0x080002b3   Thumb Code     0  startup_stm32f40_41xxx.o(.text)
    OTG_HS_EP1_OUT_IRQHandler                0x080002b3   Thumb Code     0  startup_stm32f40_41xxx.o(.text)
    OTG_HS_IRQHandler                        0x080002b3   Thumb Code     0  startup_stm32f40_41xxx.o(.text)
    OTG_HS_WKUP_IRQHandler                   0x080002b3   Thumb Code     0  startup_stm32f40_41xxx.o(.text)
    PVD_IRQHandler                           0x080002b3   Thumb Code     0  startup_stm32f40_41xxx.o(.text)
    RCC_IRQHandler                           0x080002b3   Thumb Code     0  startup_stm32f40_41xxx.o(.text)
    SDIO_IRQHandler                          0x080002b3   Thumb Code     0  startup_stm32f40_41xxx.o(.text)
    SPI1_IRQHandler                          0x080002b3   Thumb Code     0  startup_stm32f40_41xxx.o(.text)
    SPI2_IRQHandler                          0x080002b3   Thumb Code     0  startup_stm32f40_41xxx.o(.text)
    SPI3_IRQHandler                          0x080002b3   Thumb Code     0  startup_stm32f40_41xxx.o(.text)
    TAMP_STAMP_IRQHandler                    0x080002b3   Thumb Code     0  startup_stm32f40_41xxx.o(.text)
    TIM1_BRK_TIM9_IRQHandler                 0x080002b3   Thumb Code     0  startup_stm32f40_41xxx.o(.text)
    TIM1_CC_IRQHandler                       0x080002b3   Thumb Code     0  startup_stm32f40_41xxx.o(.text)
    TIM1_TRG_COM_TIM11_IRQHandler            0x080002b3   Thumb Code     0  startup_stm32f40_41xxx.o(.text)
    TIM1_UP_TIM10_IRQHandler                 0x080002b3   Thumb Code     0  startup_stm32f40_41xxx.o(.text)
    TIM2_IRQHandler                          0x080002b3   Thumb Code     0  startup_stm32f40_41xxx.o(.text)
    TIM3_IRQHandler                          0x080002b3   Thumb Code     0  startup_stm32f40_41xxx.o(.text)
    TIM5_IRQHandler                          0x080002b3   Thumb Code     0  startup_stm32f40_41xxx.o(.text)
    TIM6_DAC_IRQHandler                      0x080002b3   Thumb Code     0  startup_stm32f40_41xxx.o(.text)
    TIM7_IRQHandler                          0x080002b3   Thumb Code     0  startup_stm32f40_41xxx.o(.text)
    TIM8_BRK_TIM12_IRQHandler                0x080002b3   Thumb Code     0  startup_stm32f40_41xxx.o(.text)
    TIM8_CC_IRQHandler                       0x080002b3   Thumb Code     0  startup_stm32f40_41xxx.o(.text)
    TIM8_TRG_COM_TIM14_IRQHandler            0x080002b3   Thumb Code     0  startup_stm32f40_41xxx.o(.text)
    TIM8_UP_TIM13_IRQHandler                 0x080002b3   Thumb Code     0  startup_stm32f40_41xxx.o(.text)
    UART4_IRQHandler                         0x080002b3   Thumb Code     0  startup_stm32f40_41xxx.o(.text)
    UART5_IRQHandler                         0x080002b3   Thumb Code     0  startup_stm32f40_41xxx.o(.text)
    USART2_IRQHandler                        0x080002b3   Thumb Code     0  startup_stm32f40_41xxx.o(.text)
    USART3_IRQHandler                        0x080002b3   Thumb Code     0  startup_stm32f40_41xxx.o(.text)
    USART6_IRQHandler                        0x080002b3   Thumb Code     0  startup_stm32f40_41xxx.o(.text)
    WWDG_IRQHandler                          0x080002b3   Thumb Code     0  startup_stm32f40_41xxx.o(.text)
    __user_initial_stackheap                 0x080002b5   Thumb Code     0  startup_stm32f40_41xxx.o(.text)
    __use_no_semihosting                     0x080002d9   Thumb Code     2  use_no_semi_2.o(.text)
    __2printf                                0x080002dd   Thumb Code    20  noretval__2printf.o(.text)
    _printf_pre_padding                      0x080002f5   Thumb Code    44  _printf_pad.o(.text)
    _printf_post_padding                     0x08000321   Thumb Code    34  _printf_pad.o(.text)
    _printf_str                              0x08000343   Thumb Code    82  _printf_str.o(.text)
    _printf_int_dec                          0x08000395   Thumb Code   104  _printf_dec.o(.text)
    _printf_longlong_dec                     0x0800040d   Thumb Code   108  _printf_longlong_dec.o(.text)
    _printf_int_hex                          0x08000489   Thumb Code    84  _printf_hex_int.o(.text)
    _printf_longlong_hex                     0x08000489   Thumb Code     0  _printf_hex_int.o(.text)
    __printf                                 0x080004e1   Thumb Code   388  __printf_flags_ss_wp.o(.text)
    memcmp                                   0x08000669   Thumb Code    88  memcmp.o(.text)
    __aeabi_memcpy                           0x080006c1   Thumb Code     0  rt_memcpy_v6.o(.text)
    __rt_memcpy                              0x080006c1   Thumb Code   138  rt_memcpy_v6.o(.text)
    _memcpy_lastbytes                        0x08000727   Thumb Code     0  rt_memcpy_v6.o(.text)
    __aeabi_memcpy4                          0x0800074b   Thumb Code     0  rt_memcpy_w.o(.text)
    __aeabi_memcpy8                          0x0800074b   Thumb Code     0  rt_memcpy_w.o(.text)
    __rt_memcpy_w                            0x0800074b   Thumb Code   100  rt_memcpy_w.o(.text)
    _memcpy_lastbytes_aligned                0x08000793   Thumb Code     0  rt_memcpy_w.o(.text)
    __aeabi_memclr                           0x080007af   Thumb Code     0  rt_memclr.o(.text)
    __rt_memclr                              0x080007af   Thumb Code    68  rt_memclr.o(.text)
    _memset                                  0x080007b3   Thumb Code     0  rt_memclr.o(.text)
    __aeabi_memclr4                          0x080007f3   Thumb Code     0  rt_memclr_w.o(.text)
    __aeabi_memclr8                          0x080007f3   Thumb Code     0  rt_memclr_w.o(.text)
    __rt_memclr_w                            0x080007f3   Thumb Code    78  rt_memclr_w.o(.text)
    _memset_w                                0x080007f7   Thumb Code     0  rt_memclr_w.o(.text)
    mktime                                   0x0800087f   Thumb Code   352  mktime.o(.text)
    __use_two_region_memory                  0x080009e9   Thumb Code     2  heapauxi.o(.text)
    __rt_heap_escrow                         0x080009eb   Thumb Code     2  heapauxi.o(.text)
    __rt_heap_expand                         0x080009ed   Thumb Code     2  heapauxi.o(.text)
    __I$use$semihosting                      0x080009ef   Thumb Code     0  use_no_semi.o(.text)
    __use_no_semihosting_swi                 0x080009ef   Thumb Code     2  use_no_semi.o(.text)
    _ll_udiv10                               0x080009f1   Thumb Code   138  lludiv10.o(.text)
    _printf_int_common                       0x08000a7b   Thumb Code   178  _printf_intcommon.o(.text)
    _printf_cs_common                        0x08000b2d   Thumb Code    20  _printf_char.o(.text)
    _printf_char                             0x08000b41   Thumb Code    16  _printf_char.o(.text)
    _printf_string                           0x08000b51   Thumb Code     8  _printf_char.o(.text)
    _printf_char_file                        0x08000b59   Thumb Code    32  _printf_char_file.o(.text)
    __user_libspace                          0x08000b7d   Thumb Code     8  libspace.o(.text)
    __user_perproc_libspace                  0x08000b7d   Thumb Code     0  libspace.o(.text)
    __user_perthread_libspace                0x08000b7d   Thumb Code     0  libspace.o(.text)
    _printf_char_common                      0x08000b8f   Thumb Code    32  _printf_char_common.o(.text)
    ferror                                   0x08000bb5   Thumb Code     8  ferror.o(.text)
    __user_setup_stackheap                   0x08000bbd   Thumb Code    74  sys_stackheap_outer.o(.text)
    exit                                     0x08000c07   Thumb Code    18  exit.o(.text)
    AddRoundKey                              0x08000c19   Thumb Code   284  mavlink_aes.o(i.AddRoundKey)
    BusFault_Handler                         0x08000d35   Thumb Code     4  stm32f4xx_it.o(i.BusFault_Handler)
    DebugMon_Handler                         0x08000d39   Thumb Code     2  stm32f4xx_it.o(i.DebugMon_Handler)
    EXTI_ClearITPendingBit                   0x08000d3d   Thumb Code     6  stm32f4xx_exti.o(i.EXTI_ClearITPendingBit)
    EXTI_Init                                0x08000d49   Thumb Code   142  stm32f4xx_exti.o(i.EXTI_Init)
    FSMC_NORSRAMCmd                          0x08000ddd   Thumb Code    46  stm32f4xx_fsmc.o(i.FSMC_NORSRAMCmd)
    FSMC_NORSRAMInit                         0x08000e11   Thumb Code   230  stm32f4xx_fsmc.o(i.FSMC_NORSRAMInit)
    GPIO_Init                                0x08000ef7   Thumb Code   144  stm32f4xx_gpio.o(i.GPIO_Init)
    GPIO_PinAFConfig                         0x08000f87   Thumb Code    70  stm32f4xx_gpio.o(i.GPIO_PinAFConfig)
    GPIO_SetBits                             0x08000fcd   Thumb Code     4  stm32f4xx_gpio.o(i.GPIO_SetBits)
    HardFault_Handler                        0x08000fd1   Thumb Code     4  stm32f4xx_it.o(i.HardFault_Handler)
    LCD_Clear                                0x08000fd5   Thumb Code   100  lcd.o(i.LCD_Clear)
    LCD_Display_Dir                          0x08001041   Thumb Code   444  lcd.o(i.LCD_Display_Dir)
    LCD_Init                                 0x08001201   Thumb Code 14668  lcd.o(i.LCD_Init)
    LCD_RD_DATA                              0x08004b55   Thumb Code    14  lcd.o(i.LCD_RD_DATA)
    LCD_ReadReg                              0x08004b69   Thumb Code    22  lcd.o(i.LCD_ReadReg)
    LCD_SSD_BackLightSet                     0x08004b81   Thumb Code    88  lcd.o(i.LCD_SSD_BackLightSet)
    LCD_Scan_Dir                             0x08004be1   Thumb Code   744  lcd.o(i.LCD_Scan_Dir)
    LCD_SetCursor                            0x08004ecd   Thumb Code   418  lcd.o(i.LCD_SetCursor)
    LCD_WR_DATA                              0x08005075   Thumb Code    18  lcd.o(i.LCD_WR_DATA)
    LCD_WR_REG                               0x0800508d   Thumb Code    18  lcd.o(i.LCD_WR_REG)
    LCD_WriteRAM_Prepare                     0x080050a5   Thumb Code    10  lcd.o(i.LCD_WriteRAM_Prepare)
    LCD_WriteReg                             0x080050b9   Thumb Code    14  lcd.o(i.LCD_WriteReg)
    LED_Init                                 0x080050cd   Thumb Code    60  led.o(i.LED_Init)
    MemManage_Handler                        0x0800510d   Thumb Code     4  stm32f4xx_it.o(i.MemManage_Handler)
    MixColumns                               0x08005111   Thumb Code   982  mavlink_aes.o(i.MixColumns)
    My_RTC_Init                              0x080054ed   Thumb Code   138  rtc.o(i.My_RTC_Init)
    NMI_Handler                              0x08005577   Thumb Code     2  stm32f4xx_it.o(i.NMI_Handler)
    NVIC_Init                                0x08005579   Thumb Code   106  misc.o(i.NVIC_Init)
    NVIC_PriorityGroupConfig                 0x080055f1   Thumb Code    10  misc.o(i.NVIC_PriorityGroupConfig)
    PWR_BackupAccessCmd                      0x08005605   Thumb Code     6  stm32f4xx_pwr.o(i.PWR_BackupAccessCmd)
    PendSV_Handler                           0x08005611   Thumb Code     2  stm32f4xx_it.o(i.PendSV_Handler)
    RCC_AHB1PeriphClockCmd                   0x08005615   Thumb Code    26  stm32f4xx_rcc.o(i.RCC_AHB1PeriphClockCmd)
    RCC_AHB3PeriphClockCmd                   0x08005635   Thumb Code    26  stm32f4xx_rcc.o(i.RCC_AHB3PeriphClockCmd)
    RCC_APB1PeriphClockCmd                   0x08005655   Thumb Code    26  stm32f4xx_rcc.o(i.RCC_APB1PeriphClockCmd)
    RCC_APB2PeriphClockCmd                   0x08005675   Thumb Code    26  stm32f4xx_rcc.o(i.RCC_APB2PeriphClockCmd)
    RCC_GetClocksFreq                        0x08005695   Thumb Code   214  stm32f4xx_rcc.o(i.RCC_GetClocksFreq)
    RCC_GetFlagStatus                        0x0800577d   Thumb Code    60  stm32f4xx_rcc.o(i.RCC_GetFlagStatus)
    RCC_LSEConfig                            0x080057bd   Thumb Code    40  stm32f4xx_rcc.o(i.RCC_LSEConfig)
    RCC_RTCCLKCmd                            0x080057e9   Thumb Code     6  stm32f4xx_rcc.o(i.RCC_RTCCLKCmd)
    RCC_RTCCLKConfig                         0x080057f5   Thumb Code    50  stm32f4xx_rcc.o(i.RCC_RTCCLKConfig)
    RTC_AlarmCmd                             0x08005831   Thumb Code   112  stm32f4xx_rtc.o(i.RTC_AlarmCmd)
    RTC_Alarm_IRQHandler                     0x080058a5   Thumb Code    36  rtc.o(i.RTC_Alarm_IRQHandler)
    RTC_ClearFlag                            0x08005909   Thumb Code    24  stm32f4xx_rtc.o(i.RTC_ClearFlag)
    RTC_ClearITPendingBit                    0x08005925   Thumb Code    28  stm32f4xx_rtc.o(i.RTC_ClearITPendingBit)
    RTC_EnterInitMode                        0x08005945   Thumb Code    76  stm32f4xx_rtc.o(i.RTC_EnterInitMode)
    RTC_ExitInitMode                         0x08005995   Thumb Code    14  stm32f4xx_rtc.o(i.RTC_ExitInitMode)
    RTC_GetDate                              0x080059a9   Thumb Code    68  stm32f4xx_rtc.o(i.RTC_GetDate)
    RTC_GetFlagStatus                        0x080059f5   Thumb Code    32  stm32f4xx_rtc.o(i.RTC_GetFlagStatus)
    RTC_GetTime                              0x08005a1d   Thumb Code    72  stm32f4xx_rtc.o(i.RTC_GetTime)
    RTC_GetTimeStamp                         0x08005a6d   Thumb Code   142  stm32f4xx_rtc.o(i.RTC_GetTimeStamp)
    RTC_GetTimeStampSubSecond                0x08005b09   Thumb Code     6  stm32f4xx_rtc.o(i.RTC_GetTimeStampSubSecond)
    RTC_ITConfig                             0x08005b15   Thumb Code    94  stm32f4xx_rtc.o(i.RTC_ITConfig)
    RTC_Init                                 0x08005b79   Thumb Code    94  stm32f4xx_rtc.o(i.RTC_Init)
    RTC_ReadBackupRegister                   0x08005bdd   Thumb Code    26  stm32f4xx_rtc.o(i.RTC_ReadBackupRegister)
    RTC_SetAlarm                             0x08005bfd   Thumb Code   230  stm32f4xx_rtc.o(i.RTC_SetAlarm)
    RTC_SetDate                              0x08005ce9   Thumb Code   190  stm32f4xx_rtc.o(i.RTC_SetDate)
    RTC_SetTime                              0x08005db1   Thumb Code   198  stm32f4xx_rtc.o(i.RTC_SetTime)
    RTC_SetWakeUpCounter                     0x08005e81   Thumb Code    22  stm32f4xx_rtc.o(i.RTC_SetWakeUpCounter)
    RTC_Set_AlarmA                           0x08005e9d   Thumb Code   158  rtc.o(i.RTC_Set_AlarmA)
    RTC_Set_Date                             0x08005f41   Thumb Code    36  rtc.o(i.RTC_Set_Date)
    RTC_Set_Time                             0x08005f65   Thumb Code    36  rtc.o(i.RTC_Set_Time)
    RTC_Set_WakeUp                           0x08005f89   Thumb Code   108  rtc.o(i.RTC_Set_WakeUp)
    RTC_TimeStampCmd                         0x08005ff9   Thumb Code    52  stm32f4xx_rtc.o(i.RTC_TimeStampCmd)
    RTC_WKUP_IRQHandler                      0x08006031   Thumb Code    46  rtc.o(i.RTC_WKUP_IRQHandler)
    RTC_WaitForSynchro                       0x08006065   Thumb Code    92  stm32f4xx_rtc.o(i.RTC_WaitForSynchro)
    RTC_WakeUpClockConfig                    0x080060c5   Thumb Code    42  stm32f4xx_rtc.o(i.RTC_WakeUpClockConfig)
    RTC_WakeUpCmd                            0x080060f5   Thumb Code   116  stm32f4xx_rtc.o(i.RTC_WakeUpCmd)
    RTC_WriteBackupRegister                  0x0800616d   Thumb Code    24  stm32f4xx_rtc.o(i.RTC_WriteBackupRegister)
    SVC_Handler                              0x08006189   Thumb Code     2  stm32f4xx_it.o(i.SVC_Handler)
    ShiftRows                                0x08006279   Thumb Code    50  mavlink_aes.o(i.ShiftRows)
    SubBytes                                 0x080062ad   Thumb Code   322  mavlink_aes.o(i.SubBytes)
    SubWord                                  0x080063f5   Thumb Code    82  mavlink_aes.o(i.SubWord)
    SysTick_CLKSourceConfig                  0x0800644d   Thumb Code    40  misc.o(i.SysTick_CLKSourceConfig)
    SysTick_Handler                          0x08006475   Thumb Code     2  stm32f4xx_it.o(i.SysTick_Handler)
    SystemInit                               0x08006479   Thumb Code    88  system_stm32f4xx.o(i.SystemInit)
    TIM4_IRQHandler                          0x080064e1   Thumb Code    46  usmart.o(i.TIM4_IRQHandler)
    TIM_ClearFlag                            0x08006519   Thumb Code     6  stm32f4xx_tim.o(i.TIM_ClearFlag)
    TIM_ClearITPendingBit                    0x0800651f   Thumb Code     6  stm32f4xx_tim.o(i.TIM_ClearITPendingBit)
    TIM_Cmd                                  0x08006525   Thumb Code    24  stm32f4xx_tim.o(i.TIM_Cmd)
    TIM_GetCounter                           0x0800653d   Thumb Code     6  stm32f4xx_tim.o(i.TIM_GetCounter)
    TIM_GetFlagStatus                        0x08006543   Thumb Code    18  stm32f4xx_tim.o(i.TIM_GetFlagStatus)
    TIM_GetITStatus                          0x08006555   Thumb Code    34  stm32f4xx_tim.o(i.TIM_GetITStatus)
    TIM_ITConfig                             0x08006577   Thumb Code    18  stm32f4xx_tim.o(i.TIM_ITConfig)
    TIM_SetAutoreload                        0x08006589   Thumb Code     4  stm32f4xx_tim.o(i.TIM_SetAutoreload)
    TIM_SetCounter                           0x0800658d   Thumb Code     4  stm32f4xx_tim.o(i.TIM_SetCounter)
    TIM_TimeBaseInit                         0x08006591   Thumb Code   104  stm32f4xx_tim.o(i.TIM_TimeBaseInit)
    Timer4_Init                              0x08006615   Thumb Code    86  usmart.o(i.Timer4_Init)
    USART1_IRQHandler                        0x08006671   Thumb Code    98  mavlink_usart_fifo.o(i.USART1_IRQHandler)
    USART_Cmd                                0x080066e1   Thumb Code    24  stm32f4xx_usart.o(i.USART_Cmd)
    USART_GetITStatus                        0x080066f9   Thumb Code    84  stm32f4xx_usart.o(i.USART_GetITStatus)
    USART_ITConfig                           0x0800674d   Thumb Code    74  stm32f4xx_usart.o(i.USART_ITConfig)
    USART_Init                               0x08006799   Thumb Code   204  stm32f4xx_usart.o(i.USART_Init)
    USART_ReceiveData                        0x0800686d   Thumb Code    10  stm32f4xx_usart.o(i.USART_ReceiveData)
    USART_SendData                           0x08006877   Thumb Code     8  stm32f4xx_usart.o(i.USART_SendData)
    UsageFault_Handler                       0x0800687f   Thumb Code     4  stm32f4xx_it.o(i.UsageFault_Handler)
    _is_digit                                0x08006883   Thumb Code    14  __printf_wp.o(i._is_digit)
    _mav_trim_payload                        0x08006899   Thumb Code    24  main.o(i._mav_trim_payload)
    _sys_exit                                0x080068b1   Thumb Code     4  usart.o(i._sys_exit)
    aes_decrypt_ctr                          0x080068b5   Thumb Code    36  mavlink_aes.o(i.aes_decrypt_ctr)
    aes_encrypt                              0x080068d9   Thumb Code   654  mavlink_aes.o(i.aes_encrypt)
    aes_encrypt_ctr                          0x08006b67   Thumb Code   120  mavlink_aes.o(i.aes_encrypt_ctr)
    aes_key_setup                            0x08006be1   Thumb Code   230  mavlink_aes.o(i.aes_key_setup)
    delay_init                               0x08006cf1   Thumb Code    52  delay.o(i.delay_init)
    delay_ms                                 0x08006d2d   Thumb Code    56  delay.o(i.delay_ms)
    delay_us                                 0x08006d65   Thumb Code    72  delay.o(i.delay_us)
    delay_xms                                0x08006db1   Thumb Code    72  delay.o(i.delay_xms)
    fifo_init                                0x08006dfd   Thumb Code    34  mavlink_usart_fifo.o(i.fifo_init)
    fifo_read_ch                             0x08006e1f   Thumb Code    44  mavlink_usart_fifo.o(i.fifo_read_ch)
    fifo_used                                0x08006e4b   Thumb Code    34  mavlink_usart_fifo.o(i.fifo_used)
    fifo_write_ch                            0x08006e6d   Thumb Code    44  mavlink_usart_fifo.o(i.fifo_write_ch)
    fputc                                    0x08006e99   Thumb Code    22  usart.o(i.fputc)
    getRTCAsUnixTime                         0x08006eb5   Thumb Code   118  rtc.o(i.getRTCAsUnixTime)
    getRTCAsUnixTime_m                       0x08006f2b   Thumb Code    62  rtc.o(i.getRTCAsUnixTime_m)
    increment_iv                             0x08006f69   Thumb Code    40  mavlink_aes.o(i.increment_iv)
    main                                     0x08006f91   Thumb Code   188  main.o(i.main)
    mavlink_dn_fxsj_t_cipher                 0x08007065   Thumb Code    62  main.o(i.mavlink_dn_fxsj_t_cipher)
    mavlink_dn_fxsj_t_init                   0x080070b9   Thumb Code   136  main.o(i.mavlink_dn_fxsj_t_init)
    mavlink_dn_fxsj_t_plain                  0x08007141   Thumb Code    62  main.o(i.mavlink_dn_fxsj_t_plain)
    mavlink_finalize_message                 0x08007195   Thumb Code    36  main.o(i.mavlink_finalize_message)
    mavlink_finalize_message_buffer          0x080071b9   Thumb Code   434  main.o(i.mavlink_finalize_message_buffer)
    mavlink_finalize_message_chan            0x0800736d   Thumb Code    92  main.o(i.mavlink_finalize_message_chan)
    mavlink_frame_char                       0x080073cd   Thumb Code    44  main.o(i.mavlink_frame_char)
    mavlink_frame_char_buffer                0x080073f9   Thumb Code   862  main.o(i.mavlink_frame_char_buffer)
    mavlink_get_channel_buffer               0x08007759   Thumb Code    14  main.o(i.mavlink_get_channel_buffer)
    mavlink_get_channel_status               0x0800776d   Thumb Code    14  main.o(i.mavlink_get_channel_status)
    mavlink_get_msg_entry                    0x08007781   Thumb Code    92  main.o(i.mavlink_get_msg_entry)
    mavlink_msg_to_send_buffer               0x08007981   Thumb Code   210  main.o(i.mavlink_msg_to_send_buffer)
    mavlink_parse_char                       0x08007a53   Thumb Code    92  main.o(i.mavlink_parse_char)
    mavlink_sha256_final_48                  0x08007c91   Thumb Code   170  main.o(i.mavlink_sha256_final_48)
    mavlink_sha256_init                      0x08007d3d   Thumb Code    40  main.o(i.mavlink_sha256_init)
    mavlink_sha256_update                    0x08007d85   Thumb Code   152  main.o(i.mavlink_sha256_update)
    mavlink_sign_packet                      0x08007e1d   Thumb Code   150  main.o(i.mavlink_sign_packet)
    mavlink_signature_check                  0x08007eb5   Thumb Code   468  main.o(i.mavlink_signature_check)
    mavlink_start_checksum                   0x08008191   Thumb Code    24  main.o(i.mavlink_start_checksum)
    mavlink_update_checksum                  0x080081a9   Thumb Code    26  main.o(i.mavlink_update_checksum)
    read_addr                                0x080081c3   Thumb Code     6  usmart.o(i.read_addr)
    serial_available                         0x080081c9   Thumb Code    10  mavlink_usart_fifo.o(i.serial_available)
    serial_read_ch                           0x080081d9   Thumb Code    16  mavlink_usart_fifo.o(i.serial_read_ch)
    serial_write_buf                         0x080081ed   Thumb Code    52  mavlink_usart_fifo.o(i.serial_write_buf)
    uart_init                                0x08008229   Thumb Code   164  usart.o(i.uart_init)
    update                                   0x080082d5   Thumb Code   412  main.o(i.update)
    usmart_cmd_rec                           0x080084ed   Thumb Code   170  usmart.o(i.usmart_cmd_rec)
    usmart_exe                               0x0800859d   Thumb Code   632  usmart.o(i.usmart_exe)
    usmart_get_aparm                         0x08008871   Thumb Code   200  usmart_str.o(i.usmart_get_aparm)
    usmart_get_cmdname                       0x08008939   Thumb Code    54  usmart_str.o(i.usmart_get_cmdname)
    usmart_get_fname                         0x08008971   Thumb Code   440  usmart_str.o(i.usmart_get_fname)
    usmart_get_fparam                        0x08008b31   Thumb Code   262  usmart_str.o(i.usmart_get_fparam)
    usmart_get_parmpos                       0x08008c3d   Thumb Code    26  usmart_str.o(i.usmart_get_parmpos)
    usmart_get_runtime                       0x08008c5d   Thumb Code    60  usmart.o(i.usmart_get_runtime)
    usmart_init                              0x08008ca1   Thumb Code    36  usmart.o(i.usmart_init)
    usmart_pow                               0x08008cc9   Thumb Code    22  usmart_str.o(i.usmart_pow)
    usmart_reset_runtime                     0x08008ce1   Thumb Code    38  usmart.o(i.usmart_reset_runtime)
    usmart_scan                              0x08008d11   Thumb Code   120  usmart.o(i.usmart_scan)
    usmart_search_nextc                      0x08008dcd   Thumb Code    22  usmart_str.o(i.usmart_search_nextc)
    usmart_str2num                           0x08008de3   Thumb Code   202  usmart_str.o(i.usmart_str2num)
    usmart_strcmp                            0x08008ead   Thumb Code    34  usmart_str.o(i.usmart_strcmp)
    usmart_strcopy                           0x08008ecf   Thumb Code    22  usmart_str.o(i.usmart_strcopy)
    usmart_strlen                            0x08008ee5   Thumb Code    24  usmart_str.o(i.usmart_strlen)
    usmart_sys_cmd_exe                       0x08008efd   Thumb Code  1554  usmart.o(i.usmart_sys_cmd_exe)
    write_addr                               0x080095e1   Thumb Code     4  usmart.o(i.write_addr)
    xor_buf                                  0x080095e5   Thumb Code    24  mavlink_aes.o(i.xor_buf)
    __aeabi_d2uiz                            0x080095fd   Thumb Code     0  dfixu.o(x$fpl$dfixu)
    _dfixu                                   0x080095fd   Thumb Code    90  dfixu.o(x$fpl$dfixu)
    __aeabi_ui2d                             0x08009657   Thumb Code     0  dflt_clz.o(x$fpl$dfltu)
    _dfltu                                   0x08009657   Thumb Code    38  dflt_clz.o(x$fpl$dfltu)
    __aeabi_dmul                             0x0800967d   Thumb Code     0  dmul.o(x$fpl$dmul)
    _dmul                                    0x0800967d   Thumb Code   332  dmul.o(x$fpl$dmul)
    __fpl_dnaninf                            0x080097d1   Thumb Code   156  dnaninf.o(x$fpl$dnaninf)
    __fpl_dretinf                            0x0800986d   Thumb Code    12  dretinf.o(x$fpl$dretinf)
    _fp_init                                 0x08009879   Thumb Code    10  fpinit.o(x$fpl$fpinit)
    __fplib_config_fpu_vfp                   0x08009881   Thumb Code     0  fpinit.o(x$fpl$fpinit)
    __fplib_config_pureend_doubles           0x08009881   Thumb Code     0  fpinit.o(x$fpl$fpinit)
    __I$use$fp                               0x08009882   Number         0  usenofp.o(x$fpl$usenofp)
    _monlen                                  0x0800a2c9   Data          12  _monlen.o(.constdata)
    Region$$Table$$Base                      0x0800a6dc   Number         0  anon$$obj.o(Region$$Table)
    Region$$Table$$Limit                     0x0800a6fc   Number         0  anon$$obj.o(Region$$Table)
    key                                      0x20000000   Data          32  main.o(.data)
    iv                                       0x20000020   Data          16  main.o(.data)
    NVIC_InitStructure                       0x20000030   Data           4  rtc.o(.data)
    __stdout                                 0x20000038   Data           4  usart.o(.data)
    USART_RX_STA                             0x2000003c   Data           2  usart.o(.data)
    sys_cmd_tab                              0x20000050   Data          28  usmart.o(.data)
    usmart_nametab                           0x2000006c   Data          64  usmart_config.o(.data)
    usmart_dev                               0x200000ac   Data         244  usmart_config.o(.data)
    key_schedule                             0x200001a0   Data         240  main.o(.bss)
    enc_buf                                  0x20000290   Data          57  main.o(.bss)
    ciphertext                               0x200002c9   Data          57  main.o(.bss)
    plaintext                                0x20000302   Data          57  main.o(.bss)
    lcddev                                   0x20000828   Data          14  lcd.o(.bss)
    USART_RX_BUF                             0x20000836   Data         200  usart.o(.bss)
    uart_rx_fifo                             0x20000900   Data          12  mavlink_usart_fifo.o(.bss)
    uart_tx_fifo                             0x2000090c   Data          12  mavlink_usart_fifo.o(.bss)
    uart_tx_buf                              0x20000918   Data         255  mavlink_usart_fifo.o(.bss)
    uart_rx_buf                              0x20000a17   Data         255  mavlink_usart_fifo.o(.bss)
    __libspace_start                         0x20000b18   Data          96  libspace.o(.bss)
    __temporary_stack_top$libspace           0x20000b78   Data           0  libspace.o(.bss)



==============================================================================

Memory Map of the image

  Image Entry point : 0x08000189

  Load Region LR_IROM1 (Base: 0x08000000, Size: 0x0000a89c, Max: 0x00100000, ABSOLUTE, COMPRESSED[0x0000a79c])

    Execution Region ER_IROM1 (Base: 0x08000000, Size: 0x0000a6fc, Max: 0x00100000, ABSOLUTE)

    Base Addr    Size         Type   Attr      Idx    E Section Name        Object

    0x08000000   0x00000188   Data   RO         1042    RESET               startup_stm32f40_41xxx.o
    0x08000188   0x00000008   Code   RO         3574  * !!!main             c_w.l(__main.o)
    0x08000190   0x00000034   Code   RO         3973    !!!scatter          c_w.l(__scatter.o)
    0x080001c4   0x0000005a   Code   RO         3971    !!dczerorl2         c_w.l(__dczerorl2.o)
    0x0800021e   0x00000002   PAD
    0x08000220   0x0000001c   Code   RO         3975    !!handler_zi        c_w.l(__scatter_zi.o)
    0x0800023c   0x00000000   Code   RO         3558    .ARM.Collect$$_printf_percent$$00000000  c_w.l(_printf_percent.o)
    0x0800023c   0x0000000a   Code   RO         3713    .ARM.Collect$$_printf_percent$$00000007  c_w.l(_printf_ll.o)
    0x08000246   0x00000006   Code   RO         3556    .ARM.Collect$$_printf_percent$$00000009  c_w.l(_printf_d.o)
    0x0800024c   0x00000006   Code   RO         3557    .ARM.Collect$$_printf_percent$$0000000A  c_w.l(_printf_u.o)
    0x08000252   0x00000006   Code   RO         3555    .ARM.Collect$$_printf_percent$$0000000C  c_w.l(_printf_x.o)
    0x08000258   0x00000006   Code   RO         3559    .ARM.Collect$$_printf_percent$$0000000F  c_w.l(_printf_llu.o)
    0x0800025e   0x00000006   Code   RO         3553    .ARM.Collect$$_printf_percent$$00000013  c_w.l(_printf_c.o)
    0x08000264   0x00000006   Code   RO         3554    .ARM.Collect$$_printf_percent$$00000014  c_w.l(_printf_s.o)
    0x0800026a   0x00000004   Code   RO         3712    .ARM.Collect$$_printf_percent$$00000017  c_w.l(_printf_percent_end.o)
    0x0800026e   0x00000002   Code   RO         3910    .ARM.Collect$$libinit$$00000000  c_w.l(libinit.o)
    0x08000270   0x00000004   Code   RO         3717    .ARM.Collect$$libinit$$00000001  c_w.l(libinit2.o)
    0x08000274   0x00000000   Code   RO         3720    .ARM.Collect$$libinit$$00000004  c_w.l(libinit2.o)
    0x08000274   0x00000000   Code   RO         3723    .ARM.Collect$$libinit$$0000000A  c_w.l(libinit2.o)
    0x08000274   0x00000000   Code   RO         3725    .ARM.Collect$$libinit$$0000000C  c_w.l(libinit2.o)
    0x08000274   0x00000000   Code   RO         3727    .ARM.Collect$$libinit$$0000000E  c_w.l(libinit2.o)
    0x08000274   0x00000000   Code   RO         3730    .ARM.Collect$$libinit$$00000011  c_w.l(libinit2.o)
    0x08000274   0x00000000   Code   RO         3732    .ARM.Collect$$libinit$$00000013  c_w.l(libinit2.o)
    0x08000274   0x00000000   Code   RO         3734    .ARM.Collect$$libinit$$00000015  c_w.l(libinit2.o)
    0x08000274   0x00000000   Code   RO         3736    .ARM.Collect$$libinit$$00000017  c_w.l(libinit2.o)
    0x08000274   0x00000000   Code   RO         3738    .ARM.Collect$$libinit$$00000019  c_w.l(libinit2.o)
    0x08000274   0x00000000   Code   RO         3740    .ARM.Collect$$libinit$$0000001B  c_w.l(libinit2.o)
    0x08000274   0x00000000   Code   RO         3742    .ARM.Collect$$libinit$$0000001D  c_w.l(libinit2.o)
    0x08000274   0x00000000   Code   RO         3744    .ARM.Collect$$libinit$$0000001F  c_w.l(libinit2.o)
    0x08000274   0x00000000   Code   RO         3746    .ARM.Collect$$libinit$$00000021  c_w.l(libinit2.o)
    0x08000274   0x00000000   Code   RO         3748    .ARM.Collect$$libinit$$00000023  c_w.l(libinit2.o)
    0x08000274   0x00000000   Code   RO         3750    .ARM.Collect$$libinit$$00000025  c_w.l(libinit2.o)
    0x08000274   0x00000000   Code   RO         3754    .ARM.Collect$$libinit$$0000002C  c_w.l(libinit2.o)
    0x08000274   0x00000000   Code   RO         3756    .ARM.Collect$$libinit$$0000002E  c_w.l(libinit2.o)
    0x08000274   0x00000000   Code   RO         3758    .ARM.Collect$$libinit$$00000030  c_w.l(libinit2.o)
    0x08000274   0x00000000   Code   RO         3760    .ARM.Collect$$libinit$$00000032  c_w.l(libinit2.o)
    0x08000274   0x00000002   Code   RO         3761    .ARM.Collect$$libinit$$00000033  c_w.l(libinit2.o)
    0x08000276   0x00000002   Code   RO         3968    .ARM.Collect$$libshutdown$$00000000  c_w.l(libshutdown.o)
    0x08000278   0x00000000   Code   RO         3924    .ARM.Collect$$libshutdown$$00000002  c_w.l(libshutdown2.o)
    0x08000278   0x00000000   Code   RO         3926    .ARM.Collect$$libshutdown$$00000004  c_w.l(libshutdown2.o)
    0x08000278   0x00000000   Code   RO         3929    .ARM.Collect$$libshutdown$$00000007  c_w.l(libshutdown2.o)
    0x08000278   0x00000000   Code   RO         3932    .ARM.Collect$$libshutdown$$0000000A  c_w.l(libshutdown2.o)
    0x08000278   0x00000000   Code   RO         3934    .ARM.Collect$$libshutdown$$0000000C  c_w.l(libshutdown2.o)
    0x08000278   0x00000000   Code   RO         3937    .ARM.Collect$$libshutdown$$0000000F  c_w.l(libshutdown2.o)
    0x08000278   0x00000002   Code   RO         3938    .ARM.Collect$$libshutdown$$00000010  c_w.l(libshutdown2.o)
    0x0800027a   0x00000000   Code   RO         3676    .ARM.Collect$$rtentry$$00000000  c_w.l(__rtentry.o)
    0x0800027a   0x00000000   Code   RO         3838    .ARM.Collect$$rtentry$$00000002  c_w.l(__rtentry2.o)
    0x0800027a   0x00000006   Code   RO         3850    .ARM.Collect$$rtentry$$00000004  c_w.l(__rtentry4.o)
    0x08000280   0x00000000   Code   RO         3840    .ARM.Collect$$rtentry$$00000009  c_w.l(__rtentry2.o)
    0x08000280   0x00000004   Code   RO         3841    .ARM.Collect$$rtentry$$0000000A  c_w.l(__rtentry2.o)
    0x08000284   0x00000000   Code   RO         3843    .ARM.Collect$$rtentry$$0000000C  c_w.l(__rtentry2.o)
    0x08000284   0x00000008   Code   RO         3844    .ARM.Collect$$rtentry$$0000000D  c_w.l(__rtentry2.o)
    0x0800028c   0x00000002   Code   RO         3913    .ARM.Collect$$rtexit$$00000000  c_w.l(rtexit.o)
    0x0800028e   0x00000000   Code   RO         3942    .ARM.Collect$$rtexit$$00000002  c_w.l(rtexit2.o)
    0x0800028e   0x00000004   Code   RO         3943    .ARM.Collect$$rtexit$$00000003  c_w.l(rtexit2.o)
    0x08000292   0x00000006   Code   RO         3944    .ARM.Collect$$rtexit$$00000004  c_w.l(rtexit2.o)
    0x08000298   0x00000040   Code   RO         1043    .text               startup_stm32f40_41xxx.o
    0x080002d8   0x00000002   Code   RO         3434    .text               c_w.l(use_no_semi_2.o)
    0x080002da   0x00000002   PAD
    0x080002dc   0x00000018   Code   RO         3500    .text               c_w.l(noretval__2printf.o)
    0x080002f4   0x0000004e   Code   RO         3504    .text               c_w.l(_printf_pad.o)
    0x08000342   0x00000052   Code   RO         3506    .text               c_w.l(_printf_str.o)
    0x08000394   0x00000078   Code   RO         3508    .text               c_w.l(_printf_dec.o)
    0x0800040c   0x0000007c   Code   RO         3510    .text               c_w.l(_printf_longlong_dec.o)
    0x08000488   0x00000058   Code   RO         3515    .text               c_w.l(_printf_hex_int.o)
    0x080004e0   0x00000188   Code   RO         3550    .text               c_w.l(__printf_flags_ss_wp.o)
    0x08000668   0x00000058   Code   RO         3560    .text               c_w.l(memcmp.o)
    0x080006c0   0x0000008a   Code   RO         3562    .text               c_w.l(rt_memcpy_v6.o)
    0x0800074a   0x00000064   Code   RO         3564    .text               c_w.l(rt_memcpy_w.o)
    0x080007ae   0x00000044   Code   RO         3566    .text               c_w.l(rt_memclr.o)
    0x080007f2   0x0000004e   Code   RO         3568    .text               c_w.l(rt_memclr_w.o)
    0x08000840   0x000001a8   Code   RO         3570    .text               c_w.l(mktime.o)
    0x080009e8   0x00000006   Code   RO         3572    .text               c_w.l(heapauxi.o)
    0x080009ee   0x00000002   Code   RO         3672    .text               c_w.l(use_no_semi.o)
    0x080009f0   0x0000008a   Code   RO         3702    .text               c_w.l(lludiv10.o)
    0x08000a7a   0x000000b2   Code   RO         3706    .text               c_w.l(_printf_intcommon.o)
    0x08000b2c   0x0000002c   Code   RO         3708    .text               c_w.l(_printf_char.o)
    0x08000b58   0x00000024   Code   RO         3710    .text               c_w.l(_printf_char_file.o)
    0x08000b7c   0x00000008   Code   RO         3834    .text               c_w.l(libspace.o)
    0x08000b84   0x00000030   Code   RO         3865    .text               c_w.l(_printf_char_common.o)
    0x08000bb4   0x00000008   Code   RO         3867    .text               c_w.l(ferror.o)
    0x08000bbc   0x0000004a   Code   RO         3887    .text               c_w.l(sys_stackheap_outer.o)
    0x08000c06   0x00000012   Code   RO         3895    .text               c_w.l(exit.o)
    0x08000c18   0x0000011c   Code   RO         2998    i.AddRoundKey       mavlink_aes.o
    0x08000d34   0x00000004   Code   RO            3    i.BusFault_Handler  stm32f4xx_it.o
    0x08000d38   0x00000002   Code   RO            4    i.DebugMon_Handler  stm32f4xx_it.o
    0x08000d3a   0x00000002   PAD
    0x08000d3c   0x0000000c   Code   RO         1770    i.EXTI_ClearITPendingBit  stm32f4xx_exti.o
    0x08000d48   0x00000094   Code   RO         1775    i.EXTI_Init         stm32f4xx_exti.o
    0x08000ddc   0x00000034   Code   RO         1842    i.FSMC_NORSRAMCmd   stm32f4xx_fsmc.o
    0x08000e10   0x000000e6   Code   RO         1844    i.FSMC_NORSRAMInit  stm32f4xx_fsmc.o
    0x08000ef6   0x00000090   Code   RO         1094    i.GPIO_Init         stm32f4xx_gpio.o
    0x08000f86   0x00000046   Code   RO         1095    i.GPIO_PinAFConfig  stm32f4xx_gpio.o
    0x08000fcc   0x00000004   Code   RO         1102    i.GPIO_SetBits      stm32f4xx_gpio.o
    0x08000fd0   0x00000004   Code   RO            5    i.HardFault_Handler  stm32f4xx_it.o
    0x08000fd4   0x0000006c   Code   RO          724    i.LCD_Clear         lcd.o
    0x08001040   0x000001c0   Code   RO          728    i.LCD_Display_Dir   lcd.o
    0x08001200   0x00003954   Code   RO          735    i.LCD_Init          lcd.o
    0x08004b54   0x00000014   Code   RO          737    i.LCD_RD_DATA       lcd.o
    0x08004b68   0x00000016   Code   RO          739    i.LCD_ReadReg       lcd.o
    0x08004b7e   0x00000002   PAD
    0x08004b80   0x00000060   Code   RO          740    i.LCD_SSD_BackLightSet  lcd.o
    0x08004be0   0x000002ec   Code   RO          741    i.LCD_Scan_Dir      lcd.o
    0x08004ecc   0x000001a8   Code   RO          742    i.LCD_SetCursor     lcd.o
    0x08005074   0x00000018   Code   RO          748    i.LCD_WR_DATA       lcd.o
    0x0800508c   0x00000018   Code   RO          749    i.LCD_WR_REG        lcd.o
    0x080050a4   0x00000014   Code   RO          751    i.LCD_WriteRAM_Prepare  lcd.o
    0x080050b8   0x00000014   Code   RO          752    i.LCD_WriteReg      lcd.o
    0x080050cc   0x00000040   Code   RO          616    i.LED_Init          led.o
    0x0800510c   0x00000004   Code   RO            6    i.MemManage_Handler  stm32f4xx_it.o
    0x08005110   0x000003dc   Code   RO         3002    i.MixColumns        mavlink_aes.o
    0x080054ec   0x0000008a   Code   RO          636    i.My_RTC_Init       rtc.o
    0x08005576   0x00000002   Code   RO            7    i.NMI_Handler       stm32f4xx_it.o
    0x08005578   0x00000078   Code   RO         1049    i.NVIC_Init         misc.o
    0x080055f0   0x00000014   Code   RO         1050    i.NVIC_PriorityGroupConfig  misc.o
    0x08005604   0x0000000c   Code   RO         1962    i.PWR_BackupAccessCmd  stm32f4xx_pwr.o
    0x08005610   0x00000002   Code   RO            8    i.PendSV_Handler    stm32f4xx_it.o
    0x08005612   0x00000002   PAD
    0x08005614   0x00000020   Code   RO         1191    i.RCC_AHB1PeriphClockCmd  stm32f4xx_rcc.o
    0x08005634   0x00000020   Code   RO         1197    i.RCC_AHB3PeriphClockCmd  stm32f4xx_rcc.o
    0x08005654   0x00000020   Code   RO         1200    i.RCC_APB1PeriphClockCmd  stm32f4xx_rcc.o
    0x08005674   0x00000020   Code   RO         1203    i.RCC_APB2PeriphClockCmd  stm32f4xx_rcc.o
    0x08005694   0x000000e8   Code   RO         1212    i.RCC_GetClocksFreq  stm32f4xx_rcc.o
    0x0800577c   0x00000040   Code   RO         1213    i.RCC_GetFlagStatus  stm32f4xx_rcc.o
    0x080057bc   0x0000002c   Code   RO         1221    i.RCC_LSEConfig     stm32f4xx_rcc.o
    0x080057e8   0x0000000c   Code   RO         1235    i.RCC_RTCCLKCmd     stm32f4xx_rcc.o
    0x080057f4   0x0000003c   Code   RO         1236    i.RCC_RTCCLKConfig  stm32f4xx_rcc.o
    0x08005830   0x00000074   Code   RO         2084    i.RTC_AlarmCmd      stm32f4xx_rtc.o
    0x080058a4   0x00000030   Code   RO          637    i.RTC_Alarm_IRQHandler  rtc.o
    0x080058d4   0x00000016   Code   RO         2087    i.RTC_Bcd2ToByte    stm32f4xx_rtc.o
    0x080058ea   0x0000001c   Code   RO         2089    i.RTC_ByteToBcd2    stm32f4xx_rtc.o
    0x08005906   0x00000002   PAD
    0x08005908   0x0000001c   Code   RO         2092    i.RTC_ClearFlag     stm32f4xx_rtc.o
    0x08005924   0x00000020   Code   RO         2093    i.RTC_ClearITPendingBit  stm32f4xx_rtc.o
    0x08005944   0x00000050   Code   RO         2099    i.RTC_EnterInitMode  stm32f4xx_rtc.o
    0x08005994   0x00000014   Code   RO         2100    i.RTC_ExitInitMode  stm32f4xx_rtc.o
    0x080059a8   0x0000004c   Code   RO         2103    i.RTC_GetDate       stm32f4xx_rtc.o
    0x080059f4   0x00000028   Code   RO         2104    i.RTC_GetFlagStatus  stm32f4xx_rtc.o
    0x08005a1c   0x00000050   Code   RO         2108    i.RTC_GetTime       stm32f4xx_rtc.o
    0x08005a6c   0x0000009c   Code   RO         2109    i.RTC_GetTimeStamp  stm32f4xx_rtc.o
    0x08005b08   0x0000000c   Code   RO         2110    i.RTC_GetTimeStampSubSecond  stm32f4xx_rtc.o
    0x08005b14   0x00000064   Code   RO         2112    i.RTC_ITConfig      stm32f4xx_rtc.o
    0x08005b78   0x00000064   Code   RO         2113    i.RTC_Init          stm32f4xx_rtc.o
    0x08005bdc   0x00000020   Code   RO         2116    i.RTC_ReadBackupRegister  stm32f4xx_rtc.o
    0x08005bfc   0x000000ec   Code   RO         2118    i.RTC_SetAlarm      stm32f4xx_rtc.o
    0x08005ce8   0x000000c8   Code   RO         2119    i.RTC_SetDate       stm32f4xx_rtc.o
    0x08005db0   0x000000d0   Code   RO         2120    i.RTC_SetTime       stm32f4xx_rtc.o
    0x08005e80   0x0000001c   Code   RO         2121    i.RTC_SetWakeUpCounter  stm32f4xx_rtc.o
    0x08005e9c   0x000000a4   Code   RO          638    i.RTC_Set_AlarmA    rtc.o
    0x08005f40   0x00000024   Code   RO          639    i.RTC_Set_Date      rtc.o
    0x08005f64   0x00000024   Code   RO          640    i.RTC_Set_Time      rtc.o
    0x08005f88   0x00000070   Code   RO          641    i.RTC_Set_WakeUp    rtc.o
    0x08005ff8   0x00000038   Code   RO         2132    i.RTC_TimeStampCmd  stm32f4xx_rtc.o
    0x08006030   0x00000034   Code   RO          642    i.RTC_WKUP_IRQHandler  rtc.o
    0x08006064   0x00000060   Code   RO         2136    i.RTC_WaitForSynchro  stm32f4xx_rtc.o
    0x080060c4   0x00000030   Code   RO         2137    i.RTC_WakeUpClockConfig  stm32f4xx_rtc.o
    0x080060f4   0x00000078   Code   RO         2138    i.RTC_WakeUpCmd     stm32f4xx_rtc.o
    0x0800616c   0x0000001c   Code   RO         2139    i.RTC_WriteBackupRegister  stm32f4xx_rtc.o
    0x08006188   0x00000002   Code   RO            9    i.SVC_Handler       stm32f4xx_it.o
    0x0800618a   0x00000002   PAD
    0x0800618c   0x000000ec   Code   RO          579    i.SetSysClock       system_stm32f4xx.o
    0x08006278   0x00000032   Code   RO         3003    i.ShiftRows         mavlink_aes.o
    0x080062aa   0x00000002   PAD
    0x080062ac   0x00000148   Code   RO         3004    i.SubBytes          mavlink_aes.o
    0x080063f4   0x00000058   Code   RO         3005    i.SubWord           mavlink_aes.o
    0x0800644c   0x00000028   Code   RO         1053    i.SysTick_CLKSourceConfig  misc.o
    0x08006474   0x00000002   Code   RO           10    i.SysTick_Handler   stm32f4xx_it.o
    0x08006476   0x00000002   PAD
    0x08006478   0x00000068   Code   RO          581    i.SystemInit        system_stm32f4xx.o
    0x080064e0   0x00000038   Code   RO         3241    i.TIM4_IRQHandler   usmart.o
    0x08006518   0x00000006   Code   RO         2448    i.TIM_ClearFlag     stm32f4xx_tim.o
    0x0800651e   0x00000006   Code   RO         2449    i.TIM_ClearITPendingBit  stm32f4xx_tim.o
    0x08006524   0x00000018   Code   RO         2454    i.TIM_Cmd           stm32f4xx_tim.o
    0x0800653c   0x00000006   Code   RO         2473    i.TIM_GetCounter    stm32f4xx_tim.o
    0x08006542   0x00000012   Code   RO         2474    i.TIM_GetFlagStatus  stm32f4xx_tim.o
    0x08006554   0x00000022   Code   RO         2475    i.TIM_GetITStatus   stm32f4xx_tim.o
    0x08006576   0x00000012   Code   RO         2479    i.TIM_ITConfig      stm32f4xx_tim.o
    0x08006588   0x00000004   Code   RO         2514    i.TIM_SetAutoreload  stm32f4xx_tim.o
    0x0800658c   0x00000004   Code   RO         2520    i.TIM_SetCounter    stm32f4xx_tim.o
    0x08006590   0x00000084   Code   RO         2526    i.TIM_TimeBaseInit  stm32f4xx_tim.o
    0x08006614   0x0000005c   Code   RO         3242    i.Timer4_Init       usmart.o
    0x08006670   0x00000070   Code   RO         3159    i.USART1_IRQHandler  mavlink_usart_fifo.o
    0x080066e0   0x00000018   Code   RO         1585    i.USART_Cmd         stm32f4xx_usart.o
    0x080066f8   0x00000054   Code   RO         1589    i.USART_GetITStatus  stm32f4xx_usart.o
    0x0800674c   0x0000004a   Code   RO         1591    i.USART_ITConfig    stm32f4xx_usart.o
    0x08006796   0x00000002   PAD
    0x08006798   0x000000d4   Code   RO         1592    i.USART_Init        stm32f4xx_usart.o
    0x0800686c   0x0000000a   Code   RO         1599    i.USART_ReceiveData  stm32f4xx_usart.o
    0x08006876   0x00000008   Code   RO         1602    i.USART_SendData    stm32f4xx_usart.o
    0x0800687e   0x00000004   Code   RO           11    i.UsageFault_Handler  stm32f4xx_it.o
    0x08006882   0x0000000e   Code   RO         3543    i._is_digit         c_w.l(__printf_wp.o)
    0x08006890   0x00000008   Code   RO          181    i._mav_parse_error  main.o
    0x08006898   0x00000018   Code   RO          182    i._mav_trim_payload  main.o
    0x080068b0   0x00000004   Code   RO          999    i._sys_exit         usart.o
    0x080068b4   0x00000024   Code   RO         3009    i.aes_decrypt_ctr   mavlink_aes.o
    0x080068d8   0x0000028e   Code   RO         3010    i.aes_encrypt       mavlink_aes.o
    0x08006b66   0x00000078   Code   RO         3014    i.aes_encrypt_ctr   mavlink_aes.o
    0x08006bde   0x00000002   PAD
    0x08006be0   0x000000ec   Code   RO         3015    i.aes_key_setup     mavlink_aes.o
    0x08006ccc   0x00000022   Code   RO          183    i.crc_accumulate    main.o
    0x08006cee   0x00000002   PAD
    0x08006cf0   0x0000003c   Code   RO          941    i.delay_init        delay.o
    0x08006d2c   0x00000038   Code   RO          942    i.delay_ms          delay.o
    0x08006d64   0x0000004c   Code   RO          943    i.delay_us          delay.o
    0x08006db0   0x0000004c   Code   RO          944    i.delay_xms         delay.o
    0x08006dfc   0x00000022   Code   RO         3161    i.fifo_init         mavlink_usart_fifo.o
    0x08006e1e   0x0000002c   Code   RO         3162    i.fifo_read_ch      mavlink_usart_fifo.o
    0x08006e4a   0x00000022   Code   RO         3163    i.fifo_used         mavlink_usart_fifo.o
    0x08006e6c   0x0000002c   Code   RO         3164    i.fifo_write_ch     mavlink_usart_fifo.o
    0x08006e98   0x0000001c   Code   RO         1000    i.fputc             usart.o
    0x08006eb4   0x00000076   Code   RO          643    i.getRTCAsUnixTime  rtc.o
    0x08006f2a   0x0000003e   Code   RO          644    i.getRTCAsUnixTime_m  rtc.o
    0x08006f68   0x00000028   Code   RO         3020    i.increment_iv      mavlink_aes.o
    0x08006f90   0x000000d4   Code   RO          185    i.main              main.o
    0x08007064   0x00000054   Code   RO          188    i.mavlink_dn_fxsj_t_cipher  main.o
    0x080070b8   0x00000088   Code   RO          189    i.mavlink_dn_fxsj_t_init  main.o
    0x08007140   0x00000054   Code   RO          190    i.mavlink_dn_fxsj_t_plain  main.o
    0x08007194   0x00000024   Code   RO          193    i.mavlink_finalize_message  main.o
    0x080071b8   0x000001b2   Code   RO          194    i.mavlink_finalize_message_buffer  main.o
    0x0800736a   0x00000002   PAD
    0x0800736c   0x00000060   Code   RO          195    i.mavlink_finalize_message_chan  main.o
    0x080073cc   0x0000002c   Code   RO          196    i.mavlink_frame_char  main.o
    0x080073f8   0x0000035e   Code   RO          197    i.mavlink_frame_char_buffer  main.o
    0x08007756   0x00000002   PAD
    0x08007758   0x00000014   Code   RO          198    i.mavlink_get_channel_buffer  main.o
    0x0800776c   0x00000014   Code   RO          199    i.mavlink_get_channel_status  main.o
    0x08007780   0x00000060   Code   RO          201    i.mavlink_get_msg_entry  main.o
    0x080077e0   0x000000ae   Code   RO          205    i.mavlink_msg_dn_fxsj_encode  main.o
    0x0800788e   0x000000f2   Code   RO          206    i.mavlink_msg_dn_fxsj_pack  main.o
    0x08007980   0x000000d2   Code   RO          207    i.mavlink_msg_to_send_buffer  main.o
    0x08007a52   0x0000005c   Code   RO          208    i.mavlink_parse_char  main.o
    0x08007aae   0x00000002   PAD
    0x08007ab0   0x000001e0   Code   RO          213    i.mavlink_sha256_calc  main.o
    0x08007c90   0x000000aa   Code   RO          214    i.mavlink_sha256_final_48  main.o
    0x08007d3a   0x00000002   PAD
    0x08007d3c   0x00000048   Code   RO          215    i.mavlink_sha256_init  main.o
    0x08007d84   0x00000098   Code   RO          216    i.mavlink_sha256_update  main.o
    0x08007e1c   0x00000096   Code   RO          217    i.mavlink_sign_packet  main.o
    0x08007eb2   0x00000002   PAD
    0x08007eb4   0x000002dc   Code   RO          218    i.mavlink_signature_check  main.o
    0x08008190   0x00000018   Code   RO          219    i.mavlink_start_checksum  main.o
    0x080081a8   0x0000001a   Code   RO          220    i.mavlink_update_checksum  main.o
    0x080081c2   0x00000006   Code   RO         3243    i.read_addr         usmart.o
    0x080081c8   0x00000010   Code   RO         3165    i.serial_available  mavlink_usart_fifo.o
    0x080081d8   0x00000014   Code   RO         3167    i.serial_read_ch    mavlink_usart_fifo.o
    0x080081ec   0x0000003c   Code   RO         3168    i.serial_write_buf  mavlink_usart_fifo.o
    0x08008228   0x000000ac   Code   RO         1001    i.uart_init         usart.o
    0x080082d4   0x00000218   Code   RO          222    i.update            main.o
    0x080084ec   0x000000b0   Code   RO         3244    i.usmart_cmd_rec    usmart.o
    0x0800859c   0x000002d4   Code   RO         3245    i.usmart_exe        usmart.o
    0x08008870   0x000000c8   Code   RO         3354    i.usmart_get_aparm  usmart_str.o
    0x08008938   0x00000036   Code   RO         3355    i.usmart_get_cmdname  usmart_str.o
    0x0800896e   0x00000002   PAD
    0x08008970   0x000001c0   Code   RO         3356    i.usmart_get_fname  usmart_str.o
    0x08008b30   0x0000010c   Code   RO         3357    i.usmart_get_fparam  usmart_str.o
    0x08008c3c   0x00000020   Code   RO         3358    i.usmart_get_parmpos  usmart_str.o
    0x08008c5c   0x00000044   Code   RO         3246    i.usmart_get_runtime  usmart.o
    0x08008ca0   0x00000028   Code   RO         3247    i.usmart_init       usmart.o
    0x08008cc8   0x00000016   Code   RO         3359    i.usmart_pow        usmart_str.o
    0x08008cde   0x00000002   PAD
    0x08008ce0   0x00000030   Code   RO         3248    i.usmart_reset_runtime  usmart.o
    0x08008d10   0x000000bc   Code   RO         3249    i.usmart_scan       usmart.o
    0x08008dcc   0x00000016   Code   RO         3360    i.usmart_search_nextc  usmart_str.o
    0x08008de2   0x000000ca   Code   RO         3361    i.usmart_str2num    usmart_str.o
    0x08008eac   0x00000022   Code   RO         3362    i.usmart_strcmp     usmart_str.o
    0x08008ece   0x00000016   Code   RO         3363    i.usmart_strcopy    usmart_str.o
    0x08008ee4   0x00000018   Code   RO         3364    i.usmart_strlen     usmart_str.o
    0x08008efc   0x000006e4   Code   RO         3250    i.usmart_sys_cmd_exe  usmart.o
    0x080095e0   0x00000004   Code   RO         3251    i.write_addr        usmart.o
    0x080095e4   0x00000018   Code   RO         3021    i.xor_buf           mavlink_aes.o
    0x080095fc   0x0000005a   Code   RO         3584    x$fpl$dfixu         fz_wm.l(dfixu.o)
    0x08009656   0x00000026   Code   RO         3588    x$fpl$dfltu         fz_wm.l(dflt_clz.o)
    0x0800967c   0x00000154   Code   RO         3594    x$fpl$dmul          fz_wm.l(dmul.o)
    0x080097d0   0x0000009c   Code   RO         3768    x$fpl$dnaninf       fz_wm.l(dnaninf.o)
    0x0800986c   0x0000000c   Code   RO         3770    x$fpl$dretinf       fz_wm.l(dretinf.o)
    0x08009878   0x0000000a   Code   RO         3884    x$fpl$fpinit        fz_wm.l(fpinit.o)
    0x08009882   0x00000000   Code   RO         3776    x$fpl$usenofp       fz_wm.l(usenofp.o)
    0x08009882   0x00000002   PAD
    0x08009884   0x000001d0   Data   RO          224    .constdata          main.o
    0x08009a54   0x0000083c   Data   RO         3022    .constdata          mavlink_aes.o
    0x0800a290   0x00000028   Data   RO         3516    .constdata          c_w.l(_printf_hex_int.o)
    0x0800a2b8   0x00000011   Data   RO         3551    .constdata          c_w.l(__printf_flags_ss_wp.o)
    0x0800a2c9   0x0000000c   Data   RO         3714    .constdata          c_w.l(_monlen.o)
    0x0800a2d5   0x00000003   PAD
    0x0800a2d8   0x000002ad   Data   RO          225    .conststring        main.o
    0x0800a585   0x00000003   PAD
    0x0800a588   0x00000028   Data   RO         3252    .conststring        usmart.o
    0x0800a5b0   0x0000012a   Data   RO         3329    .conststring        usmart_config.o
    0x0800a6da   0x00000002   PAD
    0x0800a6dc   0x00000020   Data   RO         3969    Region$$Table       anon$$obj.o


    Execution Region RW_IRAM1 (Base: 0x20000000, Size: 0x00001178, Max: 0x00020000, ABSOLUTE, COMPRESSED[0x000000a0])

    Base Addr    Size         Type   Attr      Idx    E Section Name        Object

    0x20000000   0x00000030   Data   RW          226    .data               main.o
    0x20000030   0x00000004   Data   RW          647    .data               rtc.o
    0x20000034   0x00000004   Data   RW          945    .data               delay.o
    0x20000038   0x00000006   Data   RW         1003    .data               usart.o
    0x2000003e   0x00000010   Data   RW         1244    .data               stm32f4xx_rcc.o
    0x2000004e   0x00000002   PAD
    0x20000050   0x0000001c   Data   RW         3253    .data               usmart.o
    0x2000006c   0x00000134   Data   RW         3330    .data               usmart_config.o
    0x200001a0   0x00000688   Zero   RW          223    .bss                main.o
    0x20000828   0x0000000e   Zero   RW          754    .bss                lcd.o
    0x20000836   0x000000c8   Zero   RW         1002    .bss                usart.o
    0x200008fe   0x00000002   PAD
    0x20000900   0x00000216   Zero   RW         3169    .bss                mavlink_usart_fifo.o
    0x20000b16   0x00000002   PAD
    0x20000b18   0x00000060   Zero   RW         3835    .bss                c_w.l(libspace.o)
    0x20000b78   0x00000200   Zero   RW         1041    HEAP                startup_stm32f40_41xxx.o
    0x20000d78   0x00000400   Zero   RW         1040    STACK               startup_stm32f40_41xxx.o


==============================================================================

Image component sizes


      Code (inc. data)   RO Data    RW Data    ZI Data      Debug   Object Name

       268         16          0          4          0       2347   delay.o
     16630        154          0          0         14      18854   lcd.o
        64          4          0          0          0        499   led.o
      5250        530       1149         48       1672     278766   main.o
      2848         24       2108          0          0       9099   mavlink_aes.o
       364         32          0          0        534       5526   mavlink_usart_fifo.o
       180         24          0          0          0       2061   misc.o
       766         28          0          4          0       6584   rtc.o
        64         26        392          0       1536        812   startup_stm32f40_41xxx.o
       160         12          0          0          0       1509   stm32f4xx_exti.o
       282          6          0          0          0       1841   stm32f4xx_fsmc.o
       218          0          0          0          0       2298   stm32f4xx_gpio.o
        26          0          0          0          0      78702   stm32f4xx_it.o
        12          6          0          0          0        498   stm32f4xx_pwr.o
       540         66          0         16          0       7279   stm32f4xx_rcc.o
      1942        138          0          0          0      15608   stm32f4xx_rtc.o
       252         28          0          0          0       6256   stm32f4xx_tim.o
       412          8          0          0          0       4687   stm32f4xx_usart.o
       340         32          0          0          0       1489   system_stm32f4xx.o
       204         14          0          6        200       3588   usart.o
      3166       1332         40         28          0       7642   usmart.o
         0          0        298        308          0       1568   usmart_config.o
      1328         20          0          0          0       8577   usmart_str.o

    ----------------------------------------------------------------------
     35350       2500       4024        416       3960     466090   Object Totals
         0          0         32          0          0          0   (incl. Generated)
        34          0          5          2          4          0   (incl. Padding)

    ----------------------------------------------------------------------

      Code (inc. data)   RO Data    RW Data    ZI Data      Debug   Library Member Name

        90          0          0          0          0          0   __dczerorl2.o
         8          0          0          0          0         68   __main.o
       392          4         17          0          0         92   __printf_flags_ss_wp.o
        14          0          0          0          0         68   __printf_wp.o
         0          0          0          0          0          0   __rtentry.o
        12          0          0          0          0          0   __rtentry2.o
         6          0          0          0          0          0   __rtentry4.o
        52          8          0          0          0          0   __scatter.o
        28          0          0          0          0          0   __scatter_zi.o
         0          0         12          0          0          0   _monlen.o
         6          0          0          0          0          0   _printf_c.o
        44          0          0          0          0        108   _printf_char.o
        48          6          0          0          0         96   _printf_char_common.o
        36          4          0          0          0         80   _printf_char_file.o
         6          0          0          0          0          0   _printf_d.o
       120         16          0          0          0         92   _printf_dec.o
        88          4         40          0          0         88   _printf_hex_int.o
       178          0          0          0          0         88   _printf_intcommon.o
        10          0          0          0          0          0   _printf_ll.o
         6          0          0          0          0          0   _printf_llu.o
       124         16          0          0          0         92   _printf_longlong_dec.o
        78          0          0          0          0        108   _printf_pad.o
         0          0          0          0          0          0   _printf_percent.o
         4          0          0          0          0          0   _printf_percent_end.o
         6          0          0          0          0          0   _printf_s.o
        82          0          0          0          0         80   _printf_str.o
         6          0          0          0          0          0   _printf_u.o
         6          0          0          0          0          0   _printf_x.o
        18          0          0          0          0         80   exit.o
         8          0          0          0          0         68   ferror.o
         6          0          0          0          0        152   heapauxi.o
         2          0          0          0          0          0   libinit.o
         6          0          0          0          0          0   libinit2.o
         2          0          0          0          0          0   libshutdown.o
         2          0          0          0          0          0   libshutdown2.o
         8          4          0          0         96         68   libspace.o
       138          0          0          0          0         80   lludiv10.o
        88          0          0          0          0         76   memcmp.o
       424         10          0          0          0        124   mktime.o
        24          4          0          0          0         84   noretval__2printf.o
        68          0          0          0          0         68   rt_memclr.o
        78          0          0          0          0         80   rt_memclr_w.o
       138          0          0          0          0         68   rt_memcpy_v6.o
       100          0          0          0          0         80   rt_memcpy_w.o
         2          0          0          0          0          0   rtexit.o
        10          0          0          0          0          0   rtexit2.o
        74          0          0          0          0         80   sys_stackheap_outer.o
         2          0          0          0          0         68   use_no_semi.o
         2          0          0          0          0         68   use_no_semi_2.o
        90          4          0          0          0        140   dfixu.o
        38          0          0          0          0        116   dflt_clz.o
       340         12          0          0          0        152   dmul.o
       156          4          0          0          0        140   dnaninf.o
        12          0          0          0          0        116   dretinf.o
        10          0          0          0          0        116   fpinit.o
         0          0          0          0          0          0   usenofp.o

    ----------------------------------------------------------------------
      3302         96         72          0         96       3084   Library Totals
         6          0          3          0          0          0   (incl. Padding)

    ----------------------------------------------------------------------

      Code (inc. data)   RO Data    RW Data    ZI Data      Debug   Library Name

      2650         76         69          0         96       2304   c_w.l
       646         20          0          0          0        780   fz_wm.l

    ----------------------------------------------------------------------
      3302         96         72          0         96       3084   Library Totals

    ----------------------------------------------------------------------

==============================================================================


      Code (inc. data)   RO Data    RW Data    ZI Data      Debug   

     38652       2596       4096        416       4056     451378   Grand Totals
     38652       2596       4096        160       4056     451378   ELF Image Totals (compressed)
     38652       2596       4096        160          0          0   ROM Totals

==============================================================================

    Total RO  Size (Code + RO Data)                42748 (  41.75kB)
    Total RW  Size (RW Data + ZI Data)              4472 (   4.37kB)
    Total ROM Size (Code + RO Data + RW Data)      42908 (  41.90kB)

==============================================================================

